02-13 11:43:01.404 24030 24062 I TestRunner: started: vertical_scroll_content_at_last_position(com.example.dogglers.VerticalListTests)
02-13 11:43:01.412 24030 24062 W Settings: Setting always_finish_activities has moved from android.provider.Settings.System to android.provider.Settings.Global, returning read-only value.
02-13 11:43:01.445 24030 24030 D LifecycleMonitor: Lifecycle status change: androidx.test.core.app.InstrumentationActivityInvoker$BootstrapActivity@c8553c5 in: PRE_ON_CREATE
02-13 11:43:01.446 24030 24030 V ActivityScenario: Activity lifecycle changed event received but ignored because the intent does not match. startActivityIntent=Intent { act=android.intent.action.MAIN cat=[android.intent.category.LAUNCHER] cmp=com.example.dogglers/.VerticalListActivity }, activity.getIntent()=Intent { act=android.intent.action.MAIN cat=[android.intent.category.LAUNCHER] flg=0x10008000 cmp=com.example.dogglers/androidx.test.core.app.InstrumentationActivityInvoker$BootstrapActivity (has extras) }, activity=androidx.test.core.app.InstrumentationActivityInvoker$BootstrapActivity@c8553c5
02-13 11:43:01.454   364   421 D goldfish-address-space: claimShared: Ask to claim region [0x3f0000000 0x3f08e7000]
02-13 11:43:01.460 24030 24030 D LifecycleMonitor: Lifecycle status change: androidx.test.core.app.InstrumentationActivityInvoker$BootstrapActivity@c8553c5 in: CREATED
02-13 11:43:01.460 24030 24030 V ActivityScenario: Activity lifecycle changed event received but ignored because the intent does not match. startActivityIntent=Intent { act=android.intent.action.MAIN cat=[android.intent.category.LAUNCHER] cmp=com.example.dogglers/.VerticalListActivity }, activity.getIntent()=Intent { act=android.intent.action.MAIN cat=[android.intent.category.LAUNCHER] flg=0x10008000 cmp=com.example.dogglers/androidx.test.core.app.InstrumentationActivityInvoker$BootstrapActivity (has extras) }, activity=androidx.test.core.app.InstrumentationActivityInvoker$BootstrapActivity@c8553c5
02-13 11:43:01.462   364   421 D goldfish-address-space: claimShared: Ask to claim region [0x3f11ce000 0x3f1ab5000]
02-13 11:43:01.464 24030 24030 D LifecycleMonitor: Lifecycle status change: androidx.test.core.app.InstrumentationActivityInvoker$BootstrapActivity@c8553c5 in: STARTED
02-13 11:43:01.464 24030 24030 V ActivityScenario: Activity lifecycle changed event received but ignored because the intent does not match. startActivityIntent=Intent { act=android.intent.action.MAIN cat=[android.intent.category.LAUNCHER] cmp=com.example.dogglers/.VerticalListActivity }, activity.getIntent()=Intent { act=android.intent.action.MAIN cat=[android.intent.category.LAUNCHER] flg=0x10008000 cmp=com.example.dogglers/androidx.test.core.app.InstrumentationActivityInvoker$BootstrapActivity (has extras) }, activity=androidx.test.core.app.InstrumentationActivityInvoker$BootstrapActivity@c8553c5
02-13 11:43:01.466   364   421 D goldfish-address-space: claimShared: Ask to claim region [0x3f4000000 0x3f48e7000]
02-13 11:43:01.471 24030 24030 D LifecycleMonitor: Lifecycle status change: androidx.test.core.app.InstrumentationActivityInvoker$BootstrapActivity@c8553c5 in: RESUMED
02-13 11:43:01.473 24030 24030 V ActivityScenario: Activity lifecycle changed event received but ignored because the intent does not match. startActivityIntent=Intent { act=android.intent.action.MAIN cat=[android.intent.category.LAUNCHER] cmp=com.example.dogglers/.VerticalListActivity }, activity.getIntent()=Intent { act=android.intent.action.MAIN cat=[android.intent.category.LAUNCHER] flg=0x10008000 cmp=com.example.dogglers/androidx.test.core.app.InstrumentationActivityInvoker$BootstrapActivity (has extras) }, activity=androidx.test.core.app.InstrumentationActivityInvoker$BootstrapActivity@c8553c5
02-13 11:43:01.480 24030 24030 D LifecycleMonitor: Lifecycle status change: androidx.test.core.app.InstrumentationActivityInvoker$BootstrapActivity@c8553c5 in: PAUSED
02-13 11:43:01.481 24030 24030 V ActivityScenario: Activity lifecycle changed event received but ignored because the intent does not match. startActivityIntent=Intent { act=android.intent.action.MAIN cat=[android.intent.category.LAUNCHER] cmp=com.example.dogglers/.VerticalListActivity }, activity.getIntent()=Intent { act=android.intent.action.MAIN cat=[android.intent.category.LAUNCHER] flg=0x10008000 cmp=com.example.dogglers/androidx.test.core.app.InstrumentationActivityInvoker$BootstrapActivity (has extras) }, activity=androidx.test.core.app.InstrumentationActivityInvoker$BootstrapActivity@c8553c5
02-13 11:43:01.489  8973  8973 I A       : onApplyWindowInsets: systemWindowInsets=Insets{left=0, top=66, right=0, bottom=132}
02-13 11:43:01.489  8973  8973 I A       : onApplyWindowInsets: systemWindowInsets=Insets{left=0, top=66, right=0, bottom=132}
02-13 11:43:01.503 24030 24030 D LifecycleMonitor: Lifecycle status change: com.example.dogglers.VerticalListActivity@b918a27 in: PRE_ON_CREATE
02-13 11:43:01.504 24030 24030 V ActivityScenario: Activity lifecycle changed event received but ignored because the reported transition was not ON_CREATE while the last known transition was PRE_ON_CREATE
02-13 11:43:01.518  2362  2362 I GsaVoiceInteractionSrv: Handling ACTION_STOP_HOTWORD
02-13 11:43:01.518  2362  2362 E HwDetectorWithState: a: 3
02-13 11:43:01.527 24030 24030 D LifecycleMonitor: Lifecycle status change: com.example.dogglers.VerticalListActivity@b918a27 in: CREATED
02-13 11:43:01.527 24030 24030 V ActivityScenario: Update currentActivityStage to CREATED, currentActivity=com.example.dogglers.VerticalListActivity@b918a27
02-13 11:43:01.529 24030 24030 D LifecycleMonitor: Lifecycle status change: com.example.dogglers.VerticalListActivity@b918a27 in: STARTED
02-13 11:43:01.529 24030 24030 V ActivityScenario: Update currentActivityStage to STARTED, currentActivity=com.example.dogglers.VerticalListActivity@b918a27
02-13 11:43:01.531 24030 24030 D LifecycleMonitor: Lifecycle status change: com.example.dogglers.VerticalListActivity@b918a27 in: RESUMED
02-13 11:43:01.531 24030 24030 V ActivityScenario: Update currentActivityStage to RESUMED, currentActivity=com.example.dogglers.VerticalListActivity@b918a27
02-13 11:43:01.558   364   421 D goldfish-address-space: claimShared: Ask to claim region [0x3f08e7000 0x3f11ce000]
02-13 11:43:01.573   364   421 D goldfish-address-space: claimShared: Ask to claim region [0x3f2067000 0x3f294e000]
02-13 11:43:01.576   364   421 D goldfish-address-space: claimShared: Ask to claim region [0x3f294e000 0x3f3235000]
02-13 11:43:01.638 24030 24030 D RootViewPicker: Root not ready - waiting: 10ms for one to appear.
02-13 11:43:01.660  8477  8477 I GoogleInputMethodService: GoogleInputMethodService.onFinishInput():3420
02-13 11:43:01.660  8477  8477 I GoogleInputMethodService: GoogleInputMethodService.onStartInput():2002
02-13 11:43:01.661  8477  8477 I DeviceUnlockedTag: DeviceUnlockedTag.notifyDeviceLockStatusChanged():31 Notify device unlocked.
02-13 11:43:01.689 24030 24030 I ViewInteraction: Performing 'scroll RecyclerView to position: 5' action on view view.getId() is <2131231206/com.example.dogglers:id/vertical_recycler_view>
02-13 11:43:01.802 24030 24030 I ViewInteraction: Checking 'MatchesViewAssertion{viewMatcher=(view has effective visibility <VISIBLE> and view.getGlobalVisibleRect() to return non-empty rectangle)}' assertion on view an instance of android.widget.TextView and view.getText() with or without transformation to match: is "Bella"
02-13 11:43:01.815 24030 24030 D LifecycleMonitor: Lifecycle status change: com.example.dogglers.VerticalListActivity@b918a27 in: PAUSED
02-13 11:43:01.816 24030 24030 V ActivityScenario: Update currentActivityStage to PAUSED, currentActivity=com.example.dogglers.VerticalListActivity@b918a27
02-13 11:43:01.824 24030 24030 D LifecycleMonitor: Lifecycle status change: androidx.test.core.app.InstrumentationActivityInvoker$EmptyActivity@849e654 in: PRE_ON_CREATE
02-13 11:43:01.824 24030 24030 V ActivityScenario: Activity lifecycle changed event received but ignored because the intent does not match. startActivityIntent=Intent { act=android.intent.action.MAIN cat=[android.intent.category.LAUNCHER] cmp=com.example.dogglers/.VerticalListActivity }, activity.getIntent()=Intent { act=android.intent.action.MAIN cat=[android.intent.category.LAUNCHER] flg=0x10000000 cmp=com.example.dogglers/androidx.test.core.app.InstrumentationActivityInvoker$EmptyActivity }, activity=androidx.test.core.app.InstrumentationActivityInvoker$EmptyActivity@849e654
02-13 11:43:01.828 24030 24030 D LifecycleMonitor: Lifecycle status change: androidx.test.core.app.InstrumentationActivityInvoker$EmptyActivity@849e654 in: CREATED
02-13 11:43:01.828 24030 24030 V ActivityScenario: Activity lifecycle changed event received but ignored because the intent does not match. startActivityIntent=Intent { act=android.intent.action.MAIN cat=[android.intent.category.LAUNCHER] cmp=com.example.dogglers/.VerticalListActivity }, activity.getIntent()=Intent { act=android.intent.action.MAIN cat=[android.intent.category.LAUNCHER] flg=0x10000000 cmp=com.example.dogglers/androidx.test.core.app.InstrumentationActivityInvoker$EmptyActivity }, activity=androidx.test.core.app.InstrumentationActivityInvoker$EmptyActivity@849e654
02-13 11:43:01.829 24030 24030 D LifecycleMonitor: Lifecycle status change: androidx.test.core.app.InstrumentationActivityInvoker$EmptyActivity@849e654 in: STARTED
02-13 11:43:01.830 24030 24030 V ActivityScenario: Activity lifecycle changed event received but ignored because the intent does not match. startActivityIntent=Intent { act=android.intent.action.MAIN cat=[android.intent.category.LAUNCHER] cmp=com.example.dogglers/.VerticalListActivity }, activity.getIntent()=Intent { act=android.intent.action.MAIN cat=[android.intent.category.LAUNCHER] flg=0x10000000 cmp=com.example.dogglers/androidx.test.core.app.InstrumentationActivityInvoker$EmptyActivity }, activity=androidx.test.core.app.InstrumentationActivityInvoker$EmptyActivity@849e654
02-13 11:43:01.832 24030 24030 D LifecycleMonitor: Lifecycle status change: androidx.test.core.app.InstrumentationActivityInvoker$EmptyActivity@849e654 in: RESUMED
02-13 11:43:01.832 24030 24030 V ActivityScenario: Activity lifecycle changed event received but ignored because the intent does not match. startActivityIntent=Intent { act=android.intent.action.MAIN cat=[android.intent.category.LAUNCHER] cmp=com.example.dogglers/.VerticalListActivity }, activity.getIntent()=Intent { act=android.intent.action.MAIN cat=[android.intent.category.LAUNCHER] flg=0x10000000 cmp=com.example.dogglers/androidx.test.core.app.InstrumentationActivityInvoker$EmptyActivity }, activity=androidx.test.core.app.InstrumentationActivityInvoker$EmptyActivity@849e654
02-13 11:43:01.837   785   855 D EGL_emulation: app_time_stats: avg=17.87ms min=1.46ms max=219.14ms count=40
02-13 11:43:01.847   364   421 D goldfish-address-space: claimShared: Ask to claim region [0x3f3235000 0x3f3b1c000]
02-13 11:43:01.850   364   421 D goldfish-address-space: claimShared: Ask to claim region [0x3f70e3000 0x3f79ca000]
02-13 11:43:01.856   364   421 D goldfish-address-space: claimShared: Ask to claim region [0x3f48e7000 0x3f51ce000]
02-13 11:43:01.861   537   579 I ActivityTaskManager: Displayed com.example.dogglers/androidx.test.core.app.InstrumentationActivityInvoker$EmptyActivity: +439ms
02-13 11:43:01.886 24030 24030 D LifecycleMonitor: Lifecycle status change: androidx.test.core.app.InstrumentationActivityInvoker$EmptyActivity@849e654 in: PAUSED
02-13 11:43:01.887 24030 24030 V ActivityScenario: Activity lifecycle changed event received but ignored because the intent does not match. startActivityIntent=Intent { act=android.intent.action.MAIN cat=[android.intent.category.LAUNCHER] cmp=com.example.dogglers/.VerticalListActivity }, activity.getIntent()=Intent { act=android.intent.action.MAIN cat=[android.intent.category.LAUNCHER] flg=0x10000000 cmp=com.example.dogglers/androidx.test.core.app.InstrumentationActivityInvoker$EmptyActivity }, activity=androidx.test.core.app.InstrumentationActivityInvoker$EmptyActivity@849e654
02-13 11:43:01.894 24030 24030 D LifecycleMonitor: Lifecycle status change: androidx.test.core.app.InstrumentationActivityInvoker$EmptyActivity@9301e9f in: PRE_ON_CREATE
02-13 11:43:01.895 24030 24030 V ActivityScenario: Activity lifecycle changed event received but ignored because the intent does not match. startActivityIntent=Intent { act=android.intent.action.MAIN cat=[android.intent.category.LAUNCHER] cmp=com.example.dogglers/.VerticalListActivity }, activity.getIntent()=Intent { act=android.intent.action.MAIN cat=[android.intent.category.LAUNCHER] flg=0x10000000 cmp=com.example.dogglers/androidx.test.core.app.InstrumentationActivityInvoker$EmptyActivity }, activity=androidx.test.core.app.InstrumentationActivityInvoker$EmptyActivity@9301e9f
02-13 11:43:01.898   537   583 W InputManager-JNI: Input channel object '7c6a8f7 Splash Screen com.example.dogglers (client)' was disposed without first being removed with the input manager!
02-13 11:43:01.902 24030 24030 D LifecycleMonitor: Lifecycle status change: androidx.test.core.app.InstrumentationActivityInvoker$EmptyActivity@9301e9f in: CREATED
02-13 11:43:01.902 24030 24030 V ActivityScenario: Activity lifecycle changed event received but ignored because the intent does not match. startActivityIntent=Intent { act=android.intent.action.MAIN cat=[android.intent.category.LAUNCHER] cmp=com.example.dogglers/.VerticalListActivity }, activity.getIntent()=Intent { act=android.intent.action.MAIN cat=[android.intent.category.LAUNCHER] flg=0x10000000 cmp=com.example.dogglers/androidx.test.core.app.InstrumentationActivityInvoker$EmptyActivity }, activity=androidx.test.core.app.InstrumentationActivityInvoker$EmptyActivity@9301e9f
02-13 11:43:01.903 24030 24030 D LifecycleMonitor: Lifecycle status change: androidx.test.core.app.InstrumentationActivityInvoker$EmptyActivity@9301e9f in: STARTED
02-13 11:43:01.904 24030 24030 V ActivityScenario: Activity lifecycle changed event received but ignored because the intent does not match. startActivityIntent=Intent { act=android.intent.action.MAIN cat=[android.intent.category.LAUNCHER] cmp=com.example.dogglers/.VerticalListActivity }, activity.getIntent()=Intent { act=android.intent.action.MAIN cat=[android.intent.category.LAUNCHER] flg=0x10000000 cmp=com.example.dogglers/androidx.test.core.app.InstrumentationActivityInvoker$EmptyActivity }, activity=androidx.test.core.app.InstrumentationActivityInvoker$EmptyActivity@9301e9f
02-13 11:43:01.905 24030 24030 D LifecycleMonitor: Lifecycle status change: androidx.test.core.app.InstrumentationActivityInvoker$EmptyActivity@9301e9f in: RESUMED
02-13 11:43:01.906 24030 24030 V ActivityScenario: Activity lifecycle changed event received but ignored because the intent does not match. startActivityIntent=Intent { act=android.intent.action.MAIN cat=[android.intent.category.LAUNCHER] cmp=com.example.dogglers/.VerticalListActivity }, activity.getIntent()=Intent { act=android.intent.action.MAIN cat=[android.intent.category.LAUNCHER] flg=0x10000000 cmp=com.example.dogglers/androidx.test.core.app.InstrumentationActivityInvoker$EmptyActivity }, activity=androidx.test.core.app.InstrumentationActivityInvoker$EmptyActivity@9301e9f
02-13 11:43:01.919   364   421 D goldfish-address-space: claimShared: Ask to claim region [0x3f51ce000 0x3f5ab5000]
02-13 11:43:01.947   364   421 D goldfish-address-space: claimShared: Ask to claim region [0x3f11ce000 0x3f1ab5000]
02-13 11:43:01.949   364   421 D goldfish-address-space: claimShared: Ask to claim region [0x3f4000000 0x3f48e7000]
02-13 11:43:01.967   537   579 I ActivityTaskManager: Displayed com.example.dogglers/androidx.test.core.app.InstrumentationActivityInvoker$EmptyActivity: +96ms
02-13 11:43:01.983 24030 24030 D LifecycleMonitor: Lifecycle status change: androidx.test.core.app.InstrumentationActivityInvoker$EmptyActivity@849e654 in: STOPPED
02-13 11:43:01.983 24030 24030 V ActivityScenario: Activity lifecycle changed event received but ignored because the intent does not match. startActivityIntent=Intent { act=android.intent.action.MAIN cat=[android.intent.category.LAUNCHER] cmp=com.example.dogglers/.VerticalListActivity }, activity.getIntent()=Intent { act=android.intent.action.MAIN cat=[android.intent.category.LAUNCHER] flg=0x10000000 cmp=com.example.dogglers/androidx.test.core.app.InstrumentationActivityInvoker$EmptyActivity }, activity=androidx.test.core.app.InstrumentationActivityInvoker$EmptyActivity@849e654
02-13 11:43:01.985 24030 24030 D LifecycleMonitor: Lifecycle status change: com.example.dogglers.VerticalListActivity@b918a27 in: STOPPED
02-13 11:43:01.985 24030 24030 V ActivityScenario: Update currentActivityStage to STOPPED, currentActivity=com.example.dogglers.VerticalListActivity@b918a27
02-13 11:43:01.986 24030 24030 D LifecycleMonitor: Lifecycle status change: com.example.dogglers.VerticalListActivity@b918a27 in: DESTROYED
02-13 11:43:01.986 24030 24030 V ActivityScenario: Update currentActivityStage to DESTROYED, currentActivity=null
02-13 11:43:01.990   537  3520 W InputManager-JNI: Input channel object 'ab463c4 com.example.dogglers/com.example.dogglers.VerticalListActivity (client)' was disposed without first being removed with the input manager!
02-13 11:43:01.993 24030 24030 D LifecycleMonitor: Lifecycle status change: androidx.test.core.app.InstrumentationActivityInvoker$BootstrapActivity@c8553c5 in: STOPPED
02-13 11:43:01.993 24030 24030 V ActivityScenario: Activity lifecycle changed event received but ignored because the intent does not match. startActivityIntent=Intent { act=android.intent.action.MAIN cat=[android.intent.category.LAUNCHER] cmp=com.example.dogglers/.VerticalListActivity }, activity.getIntent()=Intent { act=android.intent.action.MAIN cat=[android.intent.category.LAUNCHER] flg=0x10008000 cmp=com.example.dogglers/androidx.test.core.app.InstrumentationActivityInvoker$BootstrapActivity (has extras) }, activity=androidx.test.core.app.InstrumentationActivityInvoker$BootstrapActivity@c8553c5
02-13 11:43:01.994 24030 24030 D LifecycleMonitor: Lifecycle status change: androidx.test.core.app.InstrumentationActivityInvoker$BootstrapActivity@c8553c5 in: DESTROYED
02-13 11:43:01.994 24030 24030 V ActivityScenario: Activity lifecycle changed event received but ignored because the intent does not match. startActivityIntent=Intent { act=android.intent.action.MAIN cat=[android.intent.category.LAUNCHER] cmp=com.example.dogglers/.VerticalListActivity }, activity.getIntent()=Intent { act=android.intent.action.MAIN cat=[android.intent.category.LAUNCHER] flg=0x10008000 cmp=com.example.dogglers/androidx.test.core.app.InstrumentationActivityInvoker$BootstrapActivity (has extras) }, activity=androidx.test.core.app.InstrumentationActivityInvoker$BootstrapActivity@c8553c5
02-13 11:43:01.998  8477  8477 I GoogleInputMethodService: GoogleInputMethodService.onFinishInput():3420
02-13 11:43:01.999  8477  8477 I GoogleInputMethodService: GoogleInputMethodService.onStartInput():2002
02-13 11:43:02.002  8477  8477 I DeviceUnlockedTag: DeviceUnlockedTag.notifyDeviceLockStatusChanged():31 Notify device unlocked.
02-13 11:43:02.010   364   421 D goldfish-address-space: claimShared: Ask to claim region [0x3f2067000 0x3f2619000]
02-13 11:43:02.025 24030 24030 D LifecycleMonitor: Lifecycle status change: androidx.test.core.app.InstrumentationActivityInvoker$EmptyActivity@849e654 in: DESTROYED
02-13 11:43:02.025 24030 24030 V ActivityScenario: Activity lifecycle changed event received but ignored because the intent does not match. startActivityIntent=Intent { act=android.intent.action.MAIN cat=[android.intent.category.LAUNCHER] cmp=com.example.dogglers/.VerticalListActivity }, activity.getIntent()=Intent { act=android.intent.action.MAIN cat=[android.intent.category.LAUNCHER] flg=0x10000000 cmp=com.example.dogglers/androidx.test.core.app.InstrumentationActivityInvoker$EmptyActivity }, activity=androidx.test.core.app.InstrumentationActivityInvoker$EmptyActivity@849e654
02-13 11:43:02.026   537   717 W InputManager-JNI: Input channel object '3545f8c com.example.dogglers/androidx.test.core.app.InstrumentationActivityInvoker$EmptyActivity (client)' was disposed without first being removed with the input manager!
02-13 11:43:02.037 24030 24030 D LifecycleMonitor: Lifecycle status change: androidx.test.core.app.InstrumentationActivityInvoker$EmptyActivity@9301e9f in: PAUSED
02-13 11:43:02.037 24030 24030 V ActivityScenario: Activity lifecycle changed event received but ignored because the intent does not match. startActivityIntent=Intent { act=android.intent.action.MAIN cat=[android.intent.category.LAUNCHER] cmp=com.example.dogglers/.VerticalListActivity }, activity.getIntent()=Intent { act=android.intent.action.MAIN cat=[android.intent.category.LAUNCHER] flg=0x10000000 cmp=com.example.dogglers/androidx.test.core.app.InstrumentationActivityInvoker$EmptyActivity }, activity=androidx.test.core.app.InstrumentationActivityInvoker$EmptyActivity@9301e9f
02-13 11:43:02.045 24030 24062 I TestRunner: finished: vertical_scroll_content_at_last_position(com.example.dogglers.VerticalListTests)
