02-13 11:43:02.531 24030 24062 I TestRunner: started: vertical_scrolling(com.example.dogglers.VerticalListTests)
02-13 11:43:02.556 24030 24062 W Settings: Setting always_finish_activities has moved from android.provider.Settings.System to android.provider.Settings.Global, returning read-only value.
02-13 11:43:02.605 24030 24030 D LifecycleMonitor: Lifecycle status change: androidx.test.core.app.InstrumentationActivityInvoker$BootstrapActivity@34d7133 in: PRE_ON_CREATE
02-13 11:43:02.605 24030 24030 V ActivityScenario: Activity lifecycle changed event received but ignored because the intent does not match. startActivityIntent=Intent { act=android.intent.action.MAIN cat=[android.intent.category.LAUNCHER] cmp=com.example.dogglers/.VerticalListActivity }, activity.getIntent()=Intent { act=android.intent.action.MAIN cat=[android.intent.category.LAUNCHER] flg=0x10008000 cmp=com.example.dogglers/androidx.test.core.app.InstrumentationActivityInvoker$BootstrapActivity (has extras) }, activity=androidx.test.core.app.InstrumentationActivityInvoker$BootstrapActivity@34d7133
02-13 11:43:02.607   364   421 D goldfish-address-space: claimShared: Ask to claim region [0x3f11ce000 0x3f1ab5000]
02-13 11:43:02.611   364   421 D goldfish-address-space: claimShared: Ask to claim region [0x3f4000000 0x3f48e7000]
02-13 11:43:02.615   364   421 D goldfish-address-space: claimShared: Ask to claim region [0x3f51ce000 0x3f5ab5000]
02-13 11:43:02.616 24030 24030 D LifecycleMonitor: Lifecycle status change: androidx.test.core.app.InstrumentationActivityInvoker$BootstrapActivity@34d7133 in: CREATED
02-13 11:43:02.616 24030 24030 V ActivityScenario: Activity lifecycle changed event received but ignored because the intent does not match. startActivityIntent=Intent { act=android.intent.action.MAIN cat=[android.intent.category.LAUNCHER] cmp=com.example.dogglers/.VerticalListActivity }, activity.getIntent()=Intent { act=android.intent.action.MAIN cat=[android.intent.category.LAUNCHER] flg=0x10008000 cmp=com.example.dogglers/androidx.test.core.app.InstrumentationActivityInvoker$BootstrapActivity (has extras) }, activity=androidx.test.core.app.InstrumentationActivityInvoker$BootstrapActivity@34d7133
02-13 11:43:02.617 24030 24030 D LifecycleMonitor: Lifecycle status change: androidx.test.core.app.InstrumentationActivityInvoker$BootstrapActivity@34d7133 in: STARTED
02-13 11:43:02.617 24030 24030 V ActivityScenario: Activity lifecycle changed event received but ignored because the intent does not match. startActivityIntent=Intent { act=android.intent.action.MAIN cat=[android.intent.category.LAUNCHER] cmp=com.example.dogglers/.VerticalListActivity }, activity.getIntent()=Intent { act=android.intent.action.MAIN cat=[android.intent.category.LAUNCHER] flg=0x10008000 cmp=com.example.dogglers/androidx.test.core.app.InstrumentationActivityInvoker$BootstrapActivity (has extras) }, activity=androidx.test.core.app.InstrumentationActivityInvoker$BootstrapActivity@34d7133
02-13 11:43:02.630 24030 24030 D LifecycleMonitor: Lifecycle status change: androidx.test.core.app.InstrumentationActivityInvoker$BootstrapActivity@34d7133 in: RESUMED
02-13 11:43:02.633 24030 24030 V ActivityScenario: Activity lifecycle changed event received but ignored because the intent does not match. startActivityIntent=Intent { act=android.intent.action.MAIN cat=[android.intent.category.LAUNCHER] cmp=com.example.dogglers/.VerticalListActivity }, activity.getIntent()=Intent { act=android.intent.action.MAIN cat=[android.intent.category.LAUNCHER] flg=0x10008000 cmp=com.example.dogglers/androidx.test.core.app.InstrumentationActivityInvoker$BootstrapActivity (has extras) }, activity=androidx.test.core.app.InstrumentationActivityInvoker$BootstrapActivity@34d7133
02-13 11:43:02.642 24030 24030 D LifecycleMonitor: Lifecycle status change: androidx.test.core.app.InstrumentationActivityInvoker$BootstrapActivity@34d7133 in: PAUSED
02-13 11:43:02.643 24030 24030 V ActivityScenario: Activity lifecycle changed event received but ignored because the intent does not match. startActivityIntent=Intent { act=android.intent.action.MAIN cat=[android.intent.category.LAUNCHER] cmp=com.example.dogglers/.VerticalListActivity }, activity.getIntent()=Intent { act=android.intent.action.MAIN cat=[android.intent.category.LAUNCHER] flg=0x10008000 cmp=com.example.dogglers/androidx.test.core.app.InstrumentationActivityInvoker$BootstrapActivity (has extras) }, activity=androidx.test.core.app.InstrumentationActivityInvoker$BootstrapActivity@34d7133
02-13 11:43:02.667  8973  8973 I A       : onApplyWindowInsets: systemWindowInsets=Insets{left=0, top=66, right=0, bottom=132}
02-13 11:43:02.669  8973  8973 I A       : onApplyWindowInsets: systemWindowInsets=Insets{left=0, top=66, right=0, bottom=132}
02-13 11:43:02.672 24030 24030 D LifecycleMonitor: Lifecycle status change: com.example.dogglers.VerticalListActivity@abe8c25 in: PRE_ON_CREATE
02-13 11:43:02.672 24030 24030 V ActivityScenario: Activity lifecycle changed event received but ignored because the reported transition was not ON_CREATE while the last known transition was PRE_ON_CREATE
02-13 11:43:02.685  2362  2362 I GsaVoiceInteractionSrv: Handling ACTION_STOP_HOTWORD
02-13 11:43:02.686  2362  2362 E HwDetectorWithState: a: 3
02-13 11:43:02.696 24030 24030 D LifecycleMonitor: Lifecycle status change: com.example.dogglers.VerticalListActivity@abe8c25 in: CREATED
02-13 11:43:02.697 24030 24030 V ActivityScenario: Update currentActivityStage to CREATED, currentActivity=com.example.dogglers.VerticalListActivity@abe8c25
02-13 11:43:02.697 24030 24030 D LifecycleMonitor: Lifecycle status change: com.example.dogglers.VerticalListActivity@abe8c25 in: STARTED
02-13 11:43:02.699 24030 24030 V ActivityScenario: Update currentActivityStage to STARTED, currentActivity=com.example.dogglers.VerticalListActivity@abe8c25
02-13 11:43:02.701 24030 24030 D LifecycleMonitor: Lifecycle status change: com.example.dogglers.VerticalListActivity@abe8c25 in: RESUMED
02-13 11:43:02.701 24030 24030 V ActivityScenario: Update currentActivityStage to RESUMED, currentActivity=com.example.dogglers.VerticalListActivity@abe8c25
02-13 11:43:02.724   364   421 D goldfish-address-space: claimShared: Ask to claim region [0x3f2619000 0x3f2f00000]
02-13 11:43:02.734   364   421 D goldfish-address-space: claimShared: Ask to claim region [0x3f2f00000 0x3f37e7000]
02-13 11:43:02.738   364   421 D goldfish-address-space: claimShared: Ask to claim region [0x3f0000000 0x3f08e7000]
02-13 11:43:02.777 24030 24030 D RootViewPicker: Root not ready - waiting: 10ms for one to appear.
02-13 11:43:02.788  8477  8477 I GoogleInputMethodService: GoogleInputMethodService.onFinishInput():3420
02-13 11:43:02.789  8477  8477 I GoogleInputMethodService: GoogleInputMethodService.onStartInput():2002
02-13 11:43:02.790  8477  8477 I DeviceUnlockedTag: DeviceUnlockedTag.notifyDeviceLockStatusChanged():31 Notify device unlocked.
02-13 11:43:02.837   785   855 D EGL_emulation: app_time_stats: avg=15.79ms min=1.32ms max=240.14ms count=40
02-13 11:43:02.839 24030 24030 I ViewInteraction: Performing 'fast swipe' action on view view.getId() is <2131231206/com.example.dogglers:id/vertical_recycler_view>
02-13 11:43:03.129 24030 24030 D LifecycleMonitor: Lifecycle status change: androidx.test.core.app.InstrumentationActivityInvoker$BootstrapActivity@34d7133 in: STOPPED
02-13 11:43:03.131 24030 24030 V ActivityScenario: Activity lifecycle changed event received but ignored because the intent does not match. startActivityIntent=Intent { act=android.intent.action.MAIN cat=[android.intent.category.LAUNCHER] cmp=com.example.dogglers/.VerticalListActivity }, activity.getIntent()=Intent { act=android.intent.action.MAIN cat=[android.intent.category.LAUNCHER] flg=0x10008000 cmp=com.example.dogglers/androidx.test.core.app.InstrumentationActivityInvoker$BootstrapActivity (has extras) }, activity=androidx.test.core.app.InstrumentationActivityInvoker$BootstrapActivity@34d7133
02-13 11:43:03.194   537   964 W InputManager-JNI: Input channel object '3deda4e Splash Screen com.example.dogglers (client)' was disposed without first being removed with the input manager!
02-13 11:43:03.246 24030 24030 I ViewInteraction: Checking 'MatchesViewAssertion{viewMatcher=(view has effective visibility <VISIBLE> and view.getGlobalVisibleRect() to return non-empty rectangle)}' assertion on view an instance of android.widget.TextView and view.getText() with or without transformation to match: is "Faye"
02-13 11:43:03.259 24030 24030 D LifecycleMonitor: Lifecycle status change: com.example.dogglers.VerticalListActivity@abe8c25 in: PAUSED
02-13 11:43:03.259 24030 24030 V ActivityScenario: Update currentActivityStage to PAUSED, currentActivity=com.example.dogglers.VerticalListActivity@abe8c25
02-13 11:43:03.266 24030 24030 D LifecycleMonitor: Lifecycle status change: androidx.test.core.app.InstrumentationActivityInvoker$EmptyActivity@976de9 in: PRE_ON_CREATE
02-13 11:43:03.266 24030 24030 V ActivityScenario: Activity lifecycle changed event received but ignored because the intent does not match. startActivityIntent=Intent { act=android.intent.action.MAIN cat=[android.intent.category.LAUNCHER] cmp=com.example.dogglers/.VerticalListActivity }, activity.getIntent()=Intent { act=android.intent.action.MAIN cat=[android.intent.category.LAUNCHER] flg=0x10000000 cmp=com.example.dogglers/androidx.test.core.app.InstrumentationActivityInvoker$EmptyActivity }, activity=androidx.test.core.app.InstrumentationActivityInvoker$EmptyActivity@976de9
02-13 11:43:03.271 24030 24030 D LifecycleMonitor: Lifecycle status change: androidx.test.core.app.InstrumentationActivityInvoker$EmptyActivity@976de9 in: CREATED
02-13 11:43:03.271 24030 24030 V ActivityScenario: Activity lifecycle changed event received but ignored because the intent does not match. startActivityIntent=Intent { act=android.intent.action.MAIN cat=[android.intent.category.LAUNCHER] cmp=com.example.dogglers/.VerticalListActivity }, activity.getIntent()=Intent { act=android.intent.action.MAIN cat=[android.intent.category.LAUNCHER] flg=0x10000000 cmp=com.example.dogglers/androidx.test.core.app.InstrumentationActivityInvoker$EmptyActivity }, activity=androidx.test.core.app.InstrumentationActivityInvoker$EmptyActivity@976de9
02-13 11:43:03.273 24030 24030 D LifecycleMonitor: Lifecycle status change: androidx.test.core.app.InstrumentationActivityInvoker$EmptyActivity@976de9 in: STARTED
02-13 11:43:03.273 24030 24030 V ActivityScenario: Activity lifecycle changed event received but ignored because the intent does not match. startActivityIntent=Intent { act=android.intent.action.MAIN cat=[android.intent.category.LAUNCHER] cmp=com.example.dogglers/.VerticalListActivity }, activity.getIntent()=Intent { act=android.intent.action.MAIN cat=[android.intent.category.LAUNCHER] flg=0x10000000 cmp=com.example.dogglers/androidx.test.core.app.InstrumentationActivityInvoker$EmptyActivity }, activity=androidx.test.core.app.InstrumentationActivityInvoker$EmptyActivity@976de9
02-13 11:43:03.275 24030 24030 D LifecycleMonitor: Lifecycle status change: androidx.test.core.app.InstrumentationActivityInvoker$EmptyActivity@976de9 in: RESUMED
02-13 11:43:03.275 24030 24030 V ActivityScenario: Activity lifecycle changed event received but ignored because the intent does not match. startActivityIntent=Intent { act=android.intent.action.MAIN cat=[android.intent.category.LAUNCHER] cmp=com.example.dogglers/.VerticalListActivity }, activity.getIntent()=Intent { act=android.intent.action.MAIN cat=[android.intent.category.LAUNCHER] flg=0x10000000 cmp=com.example.dogglers/androidx.test.core.app.InstrumentationActivityInvoker$EmptyActivity }, activity=androidx.test.core.app.InstrumentationActivityInvoker$EmptyActivity@976de9
02-13 11:43:03.283 24030 24030 D CompatibilityChangeReporter: Compat change id reported: 171228096; UID 10148; state: ENABLED
02-13 11:43:03.292   364   421 D goldfish-address-space: claimShared: Ask to claim region [0x3f08e7000 0x3f11ce000]
02-13 11:43:03.295   364   421 D goldfish-address-space: claimShared: Ask to claim region [0x3f48e7000 0x3f51ce000]
02-13 11:43:03.296   364   421 D goldfish-address-space: claimShared: Ask to claim region [0x3f70e3000 0x3f79ca000]
02-13 11:43:03.309   537   579 I ActivityTaskManager: Displayed com.example.dogglers/androidx.test.core.app.InstrumentationActivityInvoker$EmptyActivity: +738ms
02-13 11:43:03.335 24030 24030 D LifecycleMonitor: Lifecycle status change: com.example.dogglers.VerticalListActivity@abe8c25 in: STOPPED
02-13 11:43:03.336 24030 24030 V ActivityScenario: Update currentActivityStage to STOPPED, currentActivity=com.example.dogglers.VerticalListActivity@abe8c25
02-13 11:43:03.336 24030 24030 D LifecycleMonitor: Lifecycle status change: com.example.dogglers.VerticalListActivity@abe8c25 in: DESTROYED
02-13 11:43:03.337 24030 24030 V ActivityScenario: Update currentActivityStage to DESTROYED, currentActivity=null
02-13 11:43:03.339   537   717 W InputManager-JNI: Input channel object 'ce010f3 com.example.dogglers/com.example.dogglers.VerticalListActivity (client)' was disposed without first being removed with the input manager!
02-13 11:43:03.345  8477  8477 I GoogleInputMethodService: GoogleInputMethodService.onFinishInput():3420
02-13 11:43:03.346  8477  8477 I GoogleInputMethodService: GoogleInputMethodService.onStartInput():2002
02-13 11:43:03.346  8477  8477 I DeviceUnlockedTag: DeviceUnlockedTag.notifyDeviceLockStatusChanged():31 Notify device unlocked.
02-13 11:43:03.350 24030 24030 D LifecycleMonitor: Lifecycle status change: androidx.test.core.app.InstrumentationActivityInvoker$EmptyActivity@976de9 in: PAUSED
02-13 11:43:03.350 24030 24030 V ActivityScenario: Activity lifecycle changed event received but ignored because the intent does not match. startActivityIntent=Intent { act=android.intent.action.MAIN cat=[android.intent.category.LAUNCHER] cmp=com.example.dogglers/.VerticalListActivity }, activity.getIntent()=Intent { act=android.intent.action.MAIN cat=[android.intent.category.LAUNCHER] flg=0x10000000 cmp=com.example.dogglers/androidx.test.core.app.InstrumentationActivityInvoker$EmptyActivity }, activity=androidx.test.core.app.InstrumentationActivityInvoker$EmptyActivity@976de9
02-13 11:43:03.355 24030 24030 D LifecycleMonitor: Lifecycle status change: androidx.test.core.app.InstrumentationActivityInvoker$BootstrapActivity@34d7133 in: DESTROYED
02-13 11:43:03.356 24030 24030 V ActivityScenario: Activity lifecycle changed event received but ignored because the intent does not match. startActivityIntent=Intent { act=android.intent.action.MAIN cat=[android.intent.category.LAUNCHER] cmp=com.example.dogglers/.VerticalListActivity }, activity.getIntent()=Intent { act=android.intent.action.MAIN cat=[android.intent.category.LAUNCHER] flg=0x10008000 cmp=com.example.dogglers/androidx.test.core.app.InstrumentationActivityInvoker$BootstrapActivity (has extras) }, activity=androidx.test.core.app.InstrumentationActivityInvoker$BootstrapActivity@34d7133
02-13 11:43:03.360 24030 24030 D LifecycleMonitor: Lifecycle status change: androidx.test.core.app.InstrumentationActivityInvoker$EmptyActivity@9e8e034 in: PRE_ON_CREATE
02-13 11:43:03.360 24030 24030 V ActivityScenario: Activity lifecycle changed event received but ignored because the intent does not match. startActivityIntent=Intent { act=android.intent.action.MAIN cat=[android.intent.category.LAUNCHER] cmp=com.example.dogglers/.VerticalListActivity }, activity.getIntent()=Intent { act=android.intent.action.MAIN cat=[android.intent.category.LAUNCHER] flg=0x10000000 cmp=com.example.dogglers/androidx.test.core.app.InstrumentationActivityInvoker$EmptyActivity }, activity=androidx.test.core.app.InstrumentationActivityInvoker$EmptyActivity@9e8e034
02-13 11:43:03.369 24030 24030 D LifecycleMonitor: Lifecycle status change: androidx.test.core.app.InstrumentationActivityInvoker$EmptyActivity@9e8e034 in: CREATED
02-13 11:43:03.369 24030 24030 V ActivityScenario: Activity lifecycle changed event received but ignored because the intent does not match. startActivityIntent=Intent { act=android.intent.action.MAIN cat=[android.intent.category.LAUNCHER] cmp=com.example.dogglers/.VerticalListActivity }, activity.getIntent()=Intent { act=android.intent.action.MAIN cat=[android.intent.category.LAUNCHER] flg=0x10000000 cmp=com.example.dogglers/androidx.test.core.app.InstrumentationActivityInvoker$EmptyActivity }, activity=androidx.test.core.app.InstrumentationActivityInvoker$EmptyActivity@9e8e034
02-13 11:43:03.369 24030 24030 D LifecycleMonitor: Lifecycle status change: androidx.test.core.app.InstrumentationActivityInvoker$EmptyActivity@9e8e034 in: STARTED
02-13 11:43:03.370 24030 24030 V ActivityScenario: Activity lifecycle changed event received but ignored because the intent does not match. startActivityIntent=Intent { act=android.intent.action.MAIN cat=[android.intent.category.LAUNCHER] cmp=com.example.dogglers/.VerticalListActivity }, activity.getIntent()=Intent { act=android.intent.action.MAIN cat=[android.intent.category.LAUNCHER] flg=0x10000000 cmp=com.example.dogglers/androidx.test.core.app.InstrumentationActivityInvoker$EmptyActivity }, activity=androidx.test.core.app.InstrumentationActivityInvoker$EmptyActivity@9e8e034
02-13 11:43:03.371 24030 24030 D LifecycleMonitor: Lifecycle status change: androidx.test.core.app.InstrumentationActivityInvoker$EmptyActivity@9e8e034 in: RESUMED
02-13 11:43:03.371 24030 24030 V ActivityScenario: Activity lifecycle changed event received but ignored because the intent does not match. startActivityIntent=Intent { act=android.intent.action.MAIN cat=[android.intent.category.LAUNCHER] cmp=com.example.dogglers/.VerticalListActivity }, activity.getIntent()=Intent { act=android.intent.action.MAIN cat=[android.intent.category.LAUNCHER] flg=0x10000000 cmp=com.example.dogglers/androidx.test.core.app.InstrumentationActivityInvoker$EmptyActivity }, activity=androidx.test.core.app.InstrumentationActivityInvoker$EmptyActivity@9e8e034
02-13 11:43:03.386   364   421 D goldfish-address-space: claimShared: Ask to claim region [0x3f0000000 0x3f08e7000]
02-13 11:43:03.392   364   421 D goldfish-address-space: claimShared: Ask to claim region [0x3f11ce000 0x3f1ab5000]
02-13 11:43:03.394   364   421 D goldfish-address-space: claimShared: Ask to claim region [0x3f2619000 0x3f2f00000]
02-13 11:43:03.399   537   579 I ActivityTaskManager: Displayed com.example.dogglers/androidx.test.core.app.InstrumentationActivityInvoker$EmptyActivity: +78ms
02-13 11:43:03.405 24030 24030 D LifecycleMonitor: Lifecycle status change: androidx.test.core.app.InstrumentationActivityInvoker$EmptyActivity@976de9 in: STOPPED
02-13 11:43:03.405 24030 24030 V ActivityScenario: Activity lifecycle changed event received but ignored because the intent does not match. startActivityIntent=Intent { act=android.intent.action.MAIN cat=[android.intent.category.LAUNCHER] cmp=com.example.dogglers/.VerticalListActivity }, activity.getIntent()=Intent { act=android.intent.action.MAIN cat=[android.intent.category.LAUNCHER] flg=0x10000000 cmp=com.example.dogglers/androidx.test.core.app.InstrumentationActivityInvoker$EmptyActivity }, activity=androidx.test.core.app.InstrumentationActivityInvoker$EmptyActivity@976de9
02-13 11:43:03.425   364   421 D goldfish-address-space: claimShared: Ask to claim region [0x3f2f00000 0x3f34b2000]
02-13 11:43:03.440 24030 24030 D LifecycleMonitor: Lifecycle status change: androidx.test.core.app.InstrumentationActivityInvoker$EmptyActivity@976de9 in: DESTROYED
02-13 11:43:03.441 24030 24030 V ActivityScenario: Activity lifecycle changed event received but ignored because the intent does not match. startActivityIntent=Intent { act=android.intent.action.MAIN cat=[android.intent.category.LAUNCHER] cmp=com.example.dogglers/.VerticalListActivity }, activity.getIntent()=Intent { act=android.intent.action.MAIN cat=[android.intent.category.LAUNCHER] flg=0x10000000 cmp=com.example.dogglers/androidx.test.core.app.InstrumentationActivityInvoker$EmptyActivity }, activity=androidx.test.core.app.InstrumentationActivityInvoker$EmptyActivity@976de9
02-13 11:43:03.444   537  3520 W InputManager-JNI: Input channel object '89e850e com.example.dogglers/androidx.test.core.app.InstrumentationActivityInvoker$EmptyActivity (client)' was disposed without first being removed with the input manager!
02-13 11:43:03.454 24030 24030 D LifecycleMonitor: Lifecycle status change: androidx.test.core.app.InstrumentationActivityInvoker$EmptyActivity@9e8e034 in: PAUSED
02-13 11:43:03.454 24030 24030 V ActivityScenario: Activity lifecycle changed event received but ignored because the intent does not match. startActivityIntent=Intent { act=android.intent.action.MAIN cat=[android.intent.category.LAUNCHER] cmp=com.example.dogglers/.VerticalListActivity }, activity.getIntent()=Intent { act=android.intent.action.MAIN cat=[android.intent.category.LAUNCHER] flg=0x10000000 cmp=com.example.dogglers/androidx.test.core.app.InstrumentationActivityInvoker$EmptyActivity }, activity=androidx.test.core.app.InstrumentationActivityInvoker$EmptyActivity@9e8e034
02-13 11:43:03.460 24030 24062 I TestRunner: finished: vertical_scrolling(com.example.dogglers.VerticalListTests)
