02-13 11:43:03.929 24030 24062 I TestRunner: started: vertical_scroll_content_at_first_position(com.example.dogglers.VerticalListTests)
02-13 11:43:03.966 24030 24062 W Settings: Setting always_finish_activities has moved from android.provider.Settings.System to android.provider.Settings.Global, returning read-only value.
02-13 11:43:04.007 24030 24030 D LifecycleMonitor: Lifecycle status change: androidx.test.core.app.InstrumentationActivityInvoker$BootstrapActivity@85401cc in: PRE_ON_CREATE
02-13 11:43:04.007 24030 24030 V ActivityScenario: Activity lifecycle changed event received but ignored because the intent does not match. startActivityIntent=Intent { act=android.intent.action.MAIN cat=[android.intent.category.LAUNCHER] cmp=com.example.dogglers/.VerticalListActivity }, activity.getIntent()=Intent { act=android.intent.action.MAIN cat=[android.intent.category.LAUNCHER] flg=0x10008000 cmp=com.example.dogglers/androidx.test.core.app.InstrumentationActivityInvoker$BootstrapActivity (has extras) }, activity=androidx.test.core.app.InstrumentationActivityInvoker$BootstrapActivity@85401cc
02-13 11:43:04.026 24030 24030 D LifecycleMonitor: Lifecycle status change: androidx.test.core.app.InstrumentationActivityInvoker$BootstrapActivity@85401cc in: CREATED
02-13 11:43:04.026 24030 24030 V ActivityScenario: Activity lifecycle changed event received but ignored because the intent does not match. startActivityIntent=Intent { act=android.intent.action.MAIN cat=[android.intent.category.LAUNCHER] cmp=com.example.dogglers/.VerticalListActivity }, activity.getIntent()=Intent { act=android.intent.action.MAIN cat=[android.intent.category.LAUNCHER] flg=0x10008000 cmp=com.example.dogglers/androidx.test.core.app.InstrumentationActivityInvoker$BootstrapActivity (has extras) }, activity=androidx.test.core.app.InstrumentationActivityInvoker$BootstrapActivity@85401cc
02-13 11:43:04.026 24030 24030 D LifecycleMonitor: Lifecycle status change: androidx.test.core.app.InstrumentationActivityInvoker$BootstrapActivity@85401cc in: STARTED
02-13 11:43:04.027 24030 24030 V ActivityScenario: Activity lifecycle changed event received but ignored because the intent does not match. startActivityIntent=Intent { act=android.intent.action.MAIN cat=[android.intent.category.LAUNCHER] cmp=com.example.dogglers/.VerticalListActivity }, activity.getIntent()=Intent { act=android.intent.action.MAIN cat=[android.intent.category.LAUNCHER] flg=0x10008000 cmp=com.example.dogglers/androidx.test.core.app.InstrumentationActivityInvoker$BootstrapActivity (has extras) }, activity=androidx.test.core.app.InstrumentationActivityInvoker$BootstrapActivity@85401cc
02-13 11:43:04.029   364   420 D goldfish-address-space: claimShared: Ask to claim region [0x3f0000000 0x3f08e7000]
02-13 11:43:04.039   364   420 D goldfish-address-space: claimShared: Ask to claim region [0x3f11ce000 0x3f1ab5000]
02-13 11:43:04.043   364   420 D goldfish-address-space: claimShared: Ask to claim region [0x3f2619000 0x3f2f00000]
02-13 11:43:04.054 24030 24030 D LifecycleMonitor: Lifecycle status change: androidx.test.core.app.InstrumentationActivityInvoker$BootstrapActivity@85401cc in: RESUMED
02-13 11:43:04.055 24030 24030 V ActivityScenario: Activity lifecycle changed event received but ignored because the intent does not match. startActivityIntent=Intent { act=android.intent.action.MAIN cat=[android.intent.category.LAUNCHER] cmp=com.example.dogglers/.VerticalListActivity }, activity.getIntent()=Intent { act=android.intent.action.MAIN cat=[android.intent.category.LAUNCHER] flg=0x10008000 cmp=com.example.dogglers/androidx.test.core.app.InstrumentationActivityInvoker$BootstrapActivity (has extras) }, activity=androidx.test.core.app.InstrumentationActivityInvoker$BootstrapActivity@85401cc
02-13 11:43:04.066 24030 24030 D LifecycleMonitor: Lifecycle status change: androidx.test.core.app.InstrumentationActivityInvoker$BootstrapActivity@85401cc in: PAUSED
02-13 11:43:04.068 24030 24030 V ActivityScenario: Activity lifecycle changed event received but ignored because the intent does not match. startActivityIntent=Intent { act=android.intent.action.MAIN cat=[android.intent.category.LAUNCHER] cmp=com.example.dogglers/.VerticalListActivity }, activity.getIntent()=Intent { act=android.intent.action.MAIN cat=[android.intent.category.LAUNCHER] flg=0x10008000 cmp=com.example.dogglers/androidx.test.core.app.InstrumentationActivityInvoker$BootstrapActivity (has extras) }, activity=androidx.test.core.app.InstrumentationActivityInvoker$BootstrapActivity@85401cc
02-13 11:43:04.079   785   855 D EGL_emulation: app_time_stats: avg=12.99ms min=1.12ms max=277.37ms count=48
02-13 11:43:04.093  8973  8973 I A       : onApplyWindowInsets: systemWindowInsets=Insets{left=0, top=66, right=0, bottom=132}
02-13 11:43:04.094 24030 24030 D LifecycleMonitor: Lifecycle status change: com.example.dogglers.VerticalListActivity@7c12ff6 in: PRE_ON_CREATE
02-13 11:43:04.095 24030 24030 V ActivityScenario: Activity lifecycle changed event received but ignored because the reported transition was not ON_CREATE while the last known transition was PRE_ON_CREATE
02-13 11:43:04.095  8973  8973 I A       : onApplyWindowInsets: systemWindowInsets=Insets{left=0, top=66, right=0, bottom=132}
02-13 11:43:04.100  2362  2362 I GsaVoiceInteractionSrv: Handling ACTION_STOP_HOTWORD
02-13 11:43:04.102  2362  2362 E HwDetectorWithState: a: 3
02-13 11:43:04.117 24030 24030 D LifecycleMonitor: Lifecycle status change: com.example.dogglers.VerticalListActivity@7c12ff6 in: CREATED
02-13 11:43:04.117 24030 24030 V ActivityScenario: Update currentActivityStage to CREATED, currentActivity=com.example.dogglers.VerticalListActivity@7c12ff6
02-13 11:43:04.120 24030 24030 D LifecycleMonitor: Lifecycle status change: com.example.dogglers.VerticalListActivity@7c12ff6 in: STARTED
02-13 11:43:04.120 24030 24030 V ActivityScenario: Update currentActivityStage to STARTED, currentActivity=com.example.dogglers.VerticalListActivity@7c12ff6
02-13 11:43:04.122 24030 24030 D LifecycleMonitor: Lifecycle status change: com.example.dogglers.VerticalListActivity@7c12ff6 in: RESUMED
02-13 11:43:04.122 24030 24030 V ActivityScenario: Update currentActivityStage to RESUMED, currentActivity=com.example.dogglers.VerticalListActivity@7c12ff6
02-13 11:43:04.140   364   420 D goldfish-address-space: claimShared: Ask to claim region [0x3f08e7000 0x3f11ce000]
02-13 11:43:04.146   364   420 D goldfish-address-space: claimShared: Ask to claim region [0x3f34b2000 0x3f3d99000]
02-13 11:43:04.151   364   420 D goldfish-address-space: claimShared: Ask to claim region [0x3f70e3000 0x3f79ca000]
02-13 11:43:04.192 24030 24030 D RootViewPicker: Root not ready - waiting: 10ms for one to appear.
02-13 11:43:04.203  8477  8477 I GoogleInputMethodService: GoogleInputMethodService.onFinishInput():3420
02-13 11:43:04.203  8477  8477 I GoogleInputMethodService: GoogleInputMethodService.onStartInput():2002
02-13 11:43:04.204  8477  8477 I DeviceUnlockedTag: DeviceUnlockedTag.notifyDeviceLockStatusChanged():31 Notify device unlocked.
02-13 11:43:04.240 24030 24030 I ViewInteraction: Checking 'MatchesViewAssertion{viewMatcher=(view has effective visibility <VISIBLE> and view.getGlobalVisibleRect() to return non-empty rectangle)}' assertion on view an instance of android.widget.TextView and view.getText() with or without transformation to match: is "Tzeitel"
02-13 11:43:04.243 24030 24030 I ViewInteraction: Checking 'MatchesViewAssertion{viewMatcher=(view has effective visibility <VISIBLE> and view.getGlobalVisibleRect() to return non-empty rectangle)}' assertion on view an instance of android.widget.TextView and view.getText() with or without transformation to match: is "Age: 7"
02-13 11:43:04.245 24030 24030 I ViewInteraction: Checking 'MatchesViewAssertion{viewMatcher=(view has effective visibility <VISIBLE> and view.getGlobalVisibleRect() to return non-empty rectangle)}' assertion on view an instance of android.widget.TextView and view.getText() with or without transformation to match: is "Hobbies: sunbathing"
02-13 11:43:04.425 24030 24030 I ViewInteraction: Checking 'MatchesViewAssertion{viewMatcher=(view has effective visibility <VISIBLE> and view.getGlobalVisibleRect() to return non-empty rectangle)}' assertion on view has drawable resource 2131165345
02-13 11:43:04.436 24030 24030 D LifecycleMonitor: Lifecycle status change: com.example.dogglers.VerticalListActivity@7c12ff6 in: PAUSED
02-13 11:43:04.437 24030 24030 V ActivityScenario: Update currentActivityStage to PAUSED, currentActivity=com.example.dogglers.VerticalListActivity@7c12ff6
02-13 11:43:04.445 24030 24030 D LifecycleMonitor: Lifecycle status change: androidx.test.core.app.InstrumentationActivityInvoker$EmptyActivity@958a9c1 in: PRE_ON_CREATE
02-13 11:43:04.446 24030 24030 V ActivityScenario: Activity lifecycle changed event received but ignored because the intent does not match. startActivityIntent=Intent { act=android.intent.action.MAIN cat=[android.intent.category.LAUNCHER] cmp=com.example.dogglers/.VerticalListActivity }, activity.getIntent()=Intent { act=android.intent.action.MAIN cat=[android.intent.category.LAUNCHER] flg=0x10000000 cmp=com.example.dogglers/androidx.test.core.app.InstrumentationActivityInvoker$EmptyActivity }, activity=androidx.test.core.app.InstrumentationActivityInvoker$EmptyActivity@958a9c1
02-13 11:43:04.454 24030 24030 D LifecycleMonitor: Lifecycle status change: androidx.test.core.app.InstrumentationActivityInvoker$EmptyActivity@958a9c1 in: CREATED
02-13 11:43:04.454 24030 24030 V ActivityScenario: Activity lifecycle changed event received but ignored because the intent does not match. startActivityIntent=Intent { act=android.intent.action.MAIN cat=[android.intent.category.LAUNCHER] cmp=com.example.dogglers/.VerticalListActivity }, activity.getIntent()=Intent { act=android.intent.action.MAIN cat=[android.intent.category.LAUNCHER] flg=0x10000000 cmp=com.example.dogglers/androidx.test.core.app.InstrumentationActivityInvoker$EmptyActivity }, activity=androidx.test.core.app.InstrumentationActivityInvoker$EmptyActivity@958a9c1
02-13 11:43:04.456 24030 24030 D LifecycleMonitor: Lifecycle status change: androidx.test.core.app.InstrumentationActivityInvoker$EmptyActivity@958a9c1 in: STARTED
02-13 11:43:04.456 24030 24030 V ActivityScenario: Activity lifecycle changed event received but ignored because the intent does not match. startActivityIntent=Intent { act=android.intent.action.MAIN cat=[android.intent.category.LAUNCHER] cmp=com.example.dogglers/.VerticalListActivity }, activity.getIntent()=Intent { act=android.intent.action.MAIN cat=[android.intent.category.LAUNCHER] flg=0x10000000 cmp=com.example.dogglers/androidx.test.core.app.InstrumentationActivityInvoker$EmptyActivity }, activity=androidx.test.core.app.InstrumentationActivityInvoker$EmptyActivity@958a9c1
02-13 11:43:04.459 24030 24030 D LifecycleMonitor: Lifecycle status change: androidx.test.core.app.InstrumentationActivityInvoker$EmptyActivity@958a9c1 in: RESUMED
02-13 11:43:04.459 24030 24030 V ActivityScenario: Activity lifecycle changed event received but ignored because the intent does not match. startActivityIntent=Intent { act=android.intent.action.MAIN cat=[android.intent.category.LAUNCHER] cmp=com.example.dogglers/.VerticalListActivity }, activity.getIntent()=Intent { act=android.intent.action.MAIN cat=[android.intent.category.LAUNCHER] flg=0x10000000 cmp=com.example.dogglers/androidx.test.core.app.InstrumentationActivityInvoker$EmptyActivity }, activity=androidx.test.core.app.InstrumentationActivityInvoker$EmptyActivity@958a9c1
02-13 11:43:04.477   364   420 D goldfish-address-space: claimShared: Ask to claim region [0x3f4000000 0x3f48e7000]
02-13 11:43:04.481   364   420 D goldfish-address-space: claimShared: Ask to claim region [0x3f48e7000 0x3f51ce000]
02-13 11:43:04.484   364   420 D goldfish-address-space: claimShared: Ask to claim region [0x3f51ce000 0x3f5ab5000]
02-13 11:43:04.495   537  1567 W InputManager-JNI: Input channel object '803373d Splash Screen com.example.dogglers (client)' was disposed without first being removed with the input manager!
02-13 11:43:04.506   537   579 I ActivityTaskManager: Displayed com.example.dogglers/androidx.test.core.app.InstrumentationActivityInvoker$EmptyActivity: +524ms
02-13 11:43:04.525 24030 24030 D LifecycleMonitor: Lifecycle status change: com.example.dogglers.VerticalListActivity@7c12ff6 in: STOPPED
02-13 11:43:04.525 24030 24030 V ActivityScenario: Update currentActivityStage to STOPPED, currentActivity=com.example.dogglers.VerticalListActivity@7c12ff6
02-13 11:43:04.527 24030 24030 D LifecycleMonitor: Lifecycle status change: com.example.dogglers.VerticalListActivity@7c12ff6 in: DESTROYED
02-13 11:43:04.527 24030 24030 V ActivityScenario: Update currentActivityStage to DESTROYED, currentActivity=null
02-13 11:43:04.529   537   964 W InputManager-JNI: Input channel object '20e4a92 com.example.dogglers/com.example.dogglers.VerticalListActivity (client)' was disposed without first being removed with the input manager!
02-13 11:43:04.535 24030 24030 D LifecycleMonitor: Lifecycle status change: androidx.test.core.app.InstrumentationActivityInvoker$BootstrapActivity@85401cc in: STOPPED
02-13 11:43:04.535 24030 24030 V ActivityScenario: Activity lifecycle changed event received but ignored because the intent does not match. startActivityIntent=Intent { act=android.intent.action.MAIN cat=[android.intent.category.LAUNCHER] cmp=com.example.dogglers/.VerticalListActivity }, activity.getIntent()=Intent { act=android.intent.action.MAIN cat=[android.intent.category.LAUNCHER] flg=0x10008000 cmp=com.example.dogglers/androidx.test.core.app.InstrumentationActivityInvoker$BootstrapActivity (has extras) }, activity=androidx.test.core.app.InstrumentationActivityInvoker$BootstrapActivity@85401cc
02-13 11:43:04.537 24030 24030 D LifecycleMonitor: Lifecycle status change: androidx.test.core.app.InstrumentationActivityInvoker$BootstrapActivity@85401cc in: DESTROYED
02-13 11:43:04.538 24030 24030 V ActivityScenario: Activity lifecycle changed event received but ignored because the intent does not match. startActivityIntent=Intent { act=android.intent.action.MAIN cat=[android.intent.category.LAUNCHER] cmp=com.example.dogglers/.VerticalListActivity }, activity.getIntent()=Intent { act=android.intent.action.MAIN cat=[android.intent.category.LAUNCHER] flg=0x10008000 cmp=com.example.dogglers/androidx.test.core.app.InstrumentationActivityInvoker$BootstrapActivity (has extras) }, activity=androidx.test.core.app.InstrumentationActivityInvoker$BootstrapActivity@85401cc
02-13 11:43:04.543 24030 24030 D LifecycleMonitor: Lifecycle status change: androidx.test.core.app.InstrumentationActivityInvoker$EmptyActivity@958a9c1 in: PAUSED
02-13 11:43:04.543  8477  8477 I GoogleInputMethodService: GoogleInputMethodService.onFinishInput():3420
02-13 11:43:04.543  8477  8477 I GoogleInputMethodService: GoogleInputMethodService.onStartInput():2002
02-13 11:43:04.543 24030 24030 V ActivityScenario: Activity lifecycle changed event received but ignored because the intent does not match. startActivityIntent=Intent { act=android.intent.action.MAIN cat=[android.intent.category.LAUNCHER] cmp=com.example.dogglers/.VerticalListActivity }, activity.getIntent()=Intent { act=android.intent.action.MAIN cat=[android.intent.category.LAUNCHER] flg=0x10000000 cmp=com.example.dogglers/androidx.test.core.app.InstrumentationActivityInvoker$EmptyActivity }, activity=androidx.test.core.app.InstrumentationActivityInvoker$EmptyActivity@958a9c1
02-13 11:43:04.545  8477  8477 I DeviceUnlockedTag: DeviceUnlockedTag.notifyDeviceLockStatusChanged():31 Notify device unlocked.
02-13 11:43:04.558 24030 24030 D LifecycleMonitor: Lifecycle status change: androidx.test.core.app.InstrumentationActivityInvoker$EmptyActivity@dda0eec in: PRE_ON_CREATE
02-13 11:43:04.559 24030 24030 V ActivityScenario: Activity lifecycle changed event received but ignored because the intent does not match. startActivityIntent=Intent { act=android.intent.action.MAIN cat=[android.intent.category.LAUNCHER] cmp=com.example.dogglers/.VerticalListActivity }, activity.getIntent()=Intent { act=android.intent.action.MAIN cat=[android.intent.category.LAUNCHER] flg=0x10000000 cmp=com.example.dogglers/androidx.test.core.app.InstrumentationActivityInvoker$EmptyActivity }, activity=androidx.test.core.app.InstrumentationActivityInvoker$EmptyActivity@dda0eec
02-13 11:43:04.565 24030 24030 D LifecycleMonitor: Lifecycle status change: androidx.test.core.app.InstrumentationActivityInvoker$EmptyActivity@dda0eec in: CREATED
02-13 11:43:04.565 24030 24030 V ActivityScenario: Activity lifecycle changed event received but ignored because the intent does not match. startActivityIntent=Intent { act=android.intent.action.MAIN cat=[android.intent.category.LAUNCHER] cmp=com.example.dogglers/.VerticalListActivity }, activity.getIntent()=Intent { act=android.intent.action.MAIN cat=[android.intent.category.LAUNCHER] flg=0x10000000 cmp=com.example.dogglers/androidx.test.core.app.InstrumentationActivityInvoker$EmptyActivity }, activity=androidx.test.core.app.InstrumentationActivityInvoker$EmptyActivity@dda0eec
02-13 11:43:04.566 24030 24030 D LifecycleMonitor: Lifecycle status change: androidx.test.core.app.InstrumentationActivityInvoker$EmptyActivity@dda0eec in: STARTED
02-13 11:43:04.566 24030 24030 V ActivityScenario: Activity lifecycle changed event received but ignored because the intent does not match. startActivityIntent=Intent { act=android.intent.action.MAIN cat=[android.intent.category.LAUNCHER] cmp=com.example.dogglers/.VerticalListActivity }, activity.getIntent()=Intent { act=android.intent.action.MAIN cat=[android.intent.category.LAUNCHER] flg=0x10000000 cmp=com.example.dogglers/androidx.test.core.app.InstrumentationActivityInvoker$EmptyActivity }, activity=androidx.test.core.app.InstrumentationActivityInvoker$EmptyActivity@dda0eec
02-13 11:43:04.567 24030 24030 D LifecycleMonitor: Lifecycle status change: androidx.test.core.app.InstrumentationActivityInvoker$EmptyActivity@dda0eec in: RESUMED
02-13 11:43:04.567 24030 24030 V ActivityScenario: Activity lifecycle changed event received but ignored because the intent does not match. startActivityIntent=Intent { act=android.intent.action.MAIN cat=[android.intent.category.LAUNCHER] cmp=com.example.dogglers/.VerticalListActivity }, activity.getIntent()=Intent { act=android.intent.action.MAIN cat=[android.intent.category.LAUNCHER] flg=0x10000000 cmp=com.example.dogglers/androidx.test.core.app.InstrumentationActivityInvoker$EmptyActivity }, activity=androidx.test.core.app.InstrumentationActivityInvoker$EmptyActivity@dda0eec
02-13 11:43:04.582   364   420 D goldfish-address-space: claimShared: Ask to claim region [0x3f2619000 0x3f2f00000]
02-13 11:43:04.590   364   420 D goldfish-address-space: claimShared: Ask to claim region [0x3f34b2000 0x3f3d99000]
02-13 11:43:04.593   364   420 D goldfish-address-space: claimShared: Ask to claim region [0x3f0000000 0x3f08e7000]
02-13 11:43:04.602   537   579 I ActivityTaskManager: Displayed com.example.dogglers/androidx.test.core.app.InstrumentationActivityInvoker$EmptyActivity: +89ms
02-13 11:43:04.607 24030 24030 D LifecycleMonitor: Lifecycle status change: androidx.test.core.app.InstrumentationActivityInvoker$EmptyActivity@958a9c1 in: STOPPED
02-13 11:43:04.608 24030 24030 V ActivityScenario: Activity lifecycle changed event received but ignored because the intent does not match. startActivityIntent=Intent { act=android.intent.action.MAIN cat=[android.intent.category.LAUNCHER] cmp=com.example.dogglers/.VerticalListActivity }, activity.getIntent()=Intent { act=android.intent.action.MAIN cat=[android.intent.category.LAUNCHER] flg=0x10000000 cmp=com.example.dogglers/androidx.test.core.app.InstrumentationActivityInvoker$EmptyActivity }, activity=androidx.test.core.app.InstrumentationActivityInvoker$EmptyActivity@958a9c1
02-13 11:43:04.620   364   420 D goldfish-address-space: claimShared: Ask to claim region [0x3f08e7000 0x3f0e99000]
02-13 11:43:04.630 24030 24030 D LifecycleMonitor: Lifecycle status change: androidx.test.core.app.InstrumentationActivityInvoker$EmptyActivity@958a9c1 in: DESTROYED
02-13 11:43:04.631 24030 24030 V ActivityScenario: Activity lifecycle changed event received but ignored because the intent does not match. startActivityIntent=Intent { act=android.intent.action.MAIN cat=[android.intent.category.LAUNCHER] cmp=com.example.dogglers/.VerticalListActivity }, activity.getIntent()=Intent { act=android.intent.action.MAIN cat=[android.intent.category.LAUNCHER] flg=0x10000000 cmp=com.example.dogglers/androidx.test.core.app.InstrumentationActivityInvoker$EmptyActivity }, activity=androidx.test.core.app.InstrumentationActivityInvoker$EmptyActivity@958a9c1
02-13 11:43:04.635   537  2422 W InputManager-JNI: Input channel object '8edacb com.example.dogglers/androidx.test.core.app.InstrumentationActivityInvoker$EmptyActivity (client)' was disposed without first being removed with the input manager!
02-13 11:43:04.651 24030 24030 D LifecycleMonitor: Lifecycle status change: androidx.test.core.app.InstrumentationActivityInvoker$EmptyActivity@dda0eec in: PAUSED
02-13 11:43:04.652 24030 24030 V ActivityScenario: Activity lifecycle changed event received but ignored because the intent does not match. startActivityIntent=Intent { act=android.intent.action.MAIN cat=[android.intent.category.LAUNCHER] cmp=com.example.dogglers/.VerticalListActivity }, activity.getIntent()=Intent { act=android.intent.action.MAIN cat=[android.intent.category.LAUNCHER] flg=0x10000000 cmp=com.example.dogglers/androidx.test.core.app.InstrumentationActivityInvoker$EmptyActivity }, activity=androidx.test.core.app.InstrumentationActivityInvoker$EmptyActivity@dda0eec
02-13 11:43:04.658 24030 24062 I TestRunner: finished: vertical_scroll_content_at_first_position(com.example.dogglers.VerticalListTests)
