02-14 19:48:05.408  1174  4381 I SemanticLocation: 	at bvsi.run(:com.google.android.gms@230413047@23.04.13 (190800-505809224):0)
02-14 19:48:05.408  1174  4381 I SemanticLocation: 	at aarn.c(:com.google.android.gms@230413047@23.04.13 (190800-505809224):6)
02-14 19:48:05.408  1174  4381 I SemanticLocation: 	at aarn.run(:com.google.android.gms@230413047@23.04.13 (190800-505809224):8)
02-14 19:48:05.408  1174  4381 I SemanticLocation: 	at java.util.concurrent.ThreadPoolExecutor.runWorker(ThreadPoolExecutor.java:1167)
02-14 19:48:05.408  1174  4381 I SemanticLocation: 	at java.util.concurrent.ThreadPoolExecutor$Worker.run(ThreadPoolExecutor.java:641)
02-14 19:48:05.408  1174  4381 I SemanticLocation: 	at aawt.run(:com.google.android.gms@230413047@23.04.13 (190800-505809224):0)
02-14 19:48:05.408  1174  4381 I SemanticLocation: 	at java.lang.Thread.run(Thread.java:920)
02-14 19:48:05.408  1174  4381 I SemanticLocation: Caused by: android.system.ErrnoException: open failed: ENOENT (No such file or directory)
02-14 19:48:05.408  1174  4381 I SemanticLocation: 	at libcore.io.Linux.open(Native Method)
02-14 19:48:05.408  1174  4381 I SemanticLocation: 	at libcore.io.ForwardingOs.open(ForwardingOs.java:567)
02-14 19:48:05.408  1174  4381 I SemanticLocation: 	at libcore.io.BlockGuardOs.open(BlockGuardOs.java:273)
02-14 19:48:05.408  1174  4381 I SemanticLocation: 	at libcore.io.ForwardingOs.open(ForwardingOs.java:567)
02-14 19:48:05.408  1174  4381 I SemanticLocation: 	at android.app.ActivityThread$AndroidOs.open(ActivityThread.java:7725)
02-14 19:48:05.408  1174  4381 I SemanticLocation: 	at libcore.io.IoBridge.open(IoBridge.java:561)
02-14 19:48:05.408  1174  4381 I SemanticLocation: 	... 14 more
02-14 19:48:05.409  4586  4771 D HostConnection: HostComposition ext ANDROID_EMU_CHECKSUM_HELPER_v1 ANDROID_EMU_native_sync_v2 ANDROID_EMU_native_sync_v3 ANDROID_EMU_native_sync_v4 ANDROID_EMU_dma_v1 ANDROID_EMU_direct_mem ANDROID_EMU_host_composition_v1 ANDROID_EMU_host_composition_v2 ANDROID_EMU_vulkan ANDROID_EMU_deferred_vulkan_commands ANDROID_EMU_vulkan_null_optional_strings ANDROID_EMU_vulkan_create_resources_with_requirements ANDROID_EMU_YUV_Cache ANDROID_EMU_vulkan_ignored_handles ANDROID_EMU_has_shared_slots_host_memory_allocator ANDROID_EMU_vulkan_free_memory_sync ANDROID_EMU_vulkan_shader_float16_int8 ANDROID_EMU_vulkan_async_queue_submit ANDROID_EMU_vulkan_queue_submit_with_commands ANDROID_EMU_sync_buffer_data ANDROID_EMU_read_color_buffer_dma GL_OES_vertex_array_object GL_KHR_texture_compression_astc_ldr ANDROID_EMU_host_side_tracing ANDROID_EMU_gles_max_version_2
02-14 19:48:05.410   350   350 D goldfish-address-space: claimShared: Ask to claim region [0x3faa22000 0x3fb309000]
02-14 19:48:05.414   350   401 D goldfish-address-space: claimShared: Ask to claim region [0x3fb309000 0x3fbbf0000]
02-14 19:48:05.426  1738  3854 I Vision  : Supported ABIS: [x86_64, arm64-v8a]
02-14 19:48:05.443  1738  1753 I gle.android.gm: Background young concurrent copying GC freed 194754(11MB) AllocSpace objects, 113(4196KB) LOS objects, 36% free, 25MB/40MB, paused 35us,27us total 379.250ms
02-14 19:48:05.461  1738  4342 W Conscrypt: Could not set socket write timeout: java.net.SocketException: Socket closed
02-14 19:48:05.461  1738  4342 W Conscrypt: 	at com.google.android.gms.org.conscrypt.Platform.setSocketWriteTimeout(:com.google.android.gms@230413047@23.04.13 (190800-505809224):2)
02-14 19:48:05.461  1738  4342 W Conscrypt: 	at com.google.android.gms.org.conscrypt.ConscryptFileDescriptorSocket.setSoWriteTimeout(:com.google.android.gms@230413047@23.04.13 (190800-505809224):0)
02-14 19:48:05.465  1738  4748 I Wear_Controller: Wearable module requires a companion app to be installed.
02-14 19:48:05.473   913   921 I m.android.phon: Background concurrent copying GC freed 286460(21MB) AllocSpace objects, 44(1304KB) LOS objects, 49% free, 3366KB/6733KB, paused 85us,12us total 997.163ms
02-14 19:48:05.480  1738  4748 I Wear_Controller: onStartup - Wear is not available on this device.
02-14 19:48:05.521   334   334 I Zygote  : Process 3914 exited due to signal 9 (Killed)
02-14 19:48:05.527   913   923 W System  : A resource failed to call close.
02-14 19:48:05.527   913   923 W System  : A resource failed to call close.
02-14 19:48:05.527   913   923 W System  : A resource failed to call close.
02-14 19:48:05.527   913   923 W System  : A resource failed to call close.
02-14 19:48:05.527   913   923 W System  : A resource failed to call close.
02-14 19:48:05.527   913   923 W System  : A resource failed to call end.
02-14 19:48:05.527   913   923 W System  : A resource failed to call end.
02-14 19:48:05.547   565   602 I libprocessgroup: Successfully killed process cgroup uid 10134 pid 3914 in 44ms
02-14 19:48:05.563  2342  2342 I SetupWizard: [PostSetupLifecycleBootReceiver] [pre-deferred] in progress before reboot. Restarting lifecycle.
02-14 19:48:05.570  1174  4362 W SystemServiceRegistry: No service published for: contexthub
02-14 19:48:05.580   334   334 D Zygote  : Forked child process 4854
02-14 19:48:05.588  1738  1738 D CompatibilityChangeReporter: Compat change id reported: 119147584; UID 10097; state: ENABLED
02-14 19:48:05.592  4813  4848 D CompatibilityChangeReporter: Compat change id reported: 160794467; UID 10099; state: ENABLED
02-14 19:48:05.597  4854  4854 W android.youtub: Unexpected CPU variant for X86 using defaults: x86_64
02-14 19:48:05.604  4854  4854 E android.youtub: Not starting debugger since process cannot load the jdwp agent.
02-14 19:48:05.653  1174  4729 I GCoreUlr: WorldUpdater received intent Intent { act=com.google.android.location.reporting.ACTION_UPDATE_WORLD cmp=com.google.android.gms/com.google.android.location.reporting.service.DispatchingService (has extras) } with receiverAction init
02-14 19:48:05.669  4854  4854 D CompatibilityChangeReporter: Compat change id reported: 171979766; UID 10120; state: DISABLED
02-14 19:48:05.671   565   589 I ActivityTaskManager: Displayed com.example.dogglers/.VerticalListActivity: +2s858ms
02-14 19:48:05.694  4586  4586 W xample.doggler: Accessing hidden method Landroid/os/MessageQueue;->next()Landroid/os/Message; (unsupported, reflection, allowed)
02-14 19:48:05.694  4586  4586 W xample.doggler: Accessing hidden field Landroid/os/MessageQueue;->mMessages:Landroid/os/Message; (unsupported, reflection, allowed)
02-14 19:48:05.694  4586  4586 W xample.doggler: Accessing hidden method Landroid/os/Message;->recycleUnchecked()V (unsupported, reflection, allowed)
02-14 19:48:05.696  1738  4389 E WorkSourceUtil: Could not find package: com.google.android.gms.westworld
02-14 19:48:05.697   334   334 D Zygote  : Forked child process 4872
02-14 19:48:05.709  1738  4389 E WorkSourceUtil: Could not find package: com.google.android.gms.westworld
02-14 19:48:05.711  4872  4872 W ndroid.setting: Unexpected CPU variant for X86 using defaults: x86_64
02-14 19:48:05.716  1174  4618 I FontLog : Received query Noto Color Emoji Compat, URI content://com.google.android.gms.fonts [CONTEXT service_id=132 ]
02-14 19:48:05.716  1174  4618 I FontLog : Query [emojicompat-emoji-font] resolved to {Noto Color Emoji Compat, wdth 100.0, wght 400, ital 0.0, bestEffort false} [CONTEXT service_id=132 ]
02-14 19:48:05.724  1738  4342 W Checkin : [CheckinRequestProcessor] Default Task : Checkin failed: https://android.googleapis.com/checkin (fragment #0) invalid hardware identifier: "----" is not a valid IMEI (expect 15 decimal digits)
02-14 19:48:05.724  1738  4342 W Checkin : java.io.IOException: invalid hardware identifier: "----" is not a valid IMEI (expect 15 decimal digits)
02-14 19:48:05.724  1738  4342 W Checkin : 	at xmk.c(:com.google.android.gms@230413047@23.04.13 (190800-505809224):4)
02-14 19:48:05.724  1738  4342 W Checkin : 	at xmk.a(:com.google.android.gms@230413047@23.04.13 (190800-505809224):66)
02-14 19:48:05.724  1738  4342 W Checkin : 	at com.google.android.gms.checkin.CheckinIntentOperation.onHandleIntent(:com.google.android.gms@230413047@23.04.13 (190800-505809224):62)
02-14 19:48:05.724  1738  4342 W Checkin : 	at com.google.android.chimera.IntentOperation.onHandleIntent(:com.google.android.gms@230413047@23.04.13 (190800-505809224):2)
02-14 19:48:05.724  1738  4342 W Checkin : 	at xzl.onHandleIntent(:com.google.android.gms@230413047@23.04.13 (190800-505809224):4)
02-14 19:48:05.724  1738  4342 W Checkin : 	at gwf.run(:com.google.android.gms@230413047@23.04.13 (190800-505809224):3)
02-14 19:48:05.724  1738  4342 W Checkin : 	at gwe.run(:com.google.android.gms@230413047@23.04.13 (190800-505809224):11)
02-14 19:48:05.724  1738  4342 W Checkin : 	at czik.run(:com.google.android.gms@230413047@23.04.13 (190800-505809224):2)
02-14 19:48:05.724  1738  4342 W Checkin : 	at java.util.concurrent.ThreadPoolExecutor.runWorker(ThreadPoolExecutor.java:1167)
02-14 19:48:05.724  1738  4342 W Checkin : 	at java.util.concurrent.ThreadPoolExecutor$Worker.run(ThreadPoolExecutor.java:641)
02-14 19:48:05.724  1738  4342 W Checkin : 	at java.lang.Thread.run(Thread.java:920)
02-14 19:48:05.725  1313  1313 I GoogleInputMethodService: GoogleInputMethodService.onFinishInput():3420
02-14 19:48:05.731  1174  4618 I FontLog : Fetch {Noto Color Emoji Compat, wdth 100.0, wght 400, ital 0.0, bestEffort false} end status Status{statusCode=SUCCESS, resolution=null} [CONTEXT service_id=132 ]
02-14 19:48:05.731  4872  4872 E ndroid.setting: Not starting debugger since process cannot load the jdwp agent.
02-14 19:48:05.737  1174  3933 I FontLog : Pulling font file for id = 16, cache size = 16 [CONTEXT service_id=132 ]
02-14 19:48:05.742  1174  3933 I FontLog : Pulling font file for id = 16, cache size = 16 [CONTEXT service_id=132 ]
02-14 19:48:05.746  4854  4854 D nativeloader: classloader namespace configured for unbundled product apk. library_path=/product/app/YouTube/lib/x86_64:/product/app/YouTube/YouTube.apk!/lib/x86_64:/product/lib64:/system/product/lib64
02-14 19:48:05.747  4586  4586 W xample.doggler: Accessing hidden method Landroid/view/WindowManagerGlobal;->getInstance()Landroid/view/WindowManagerGlobal; (unsupported, reflection, allowed)
02-14 19:48:05.747  4586  4586 W xample.doggler: Accessing hidden field Landroid/view/WindowManagerGlobal;->mViews:Ljava/util/ArrayList; (unsupported, reflection, allowed)
02-14 19:48:05.747  4586  4586 W xample.doggler: Accessing hidden field Landroid/view/WindowManagerGlobal;->mParams:Ljava/util/ArrayList; (unsupported, reflection, allowed)
02-14 19:48:05.753  1313  1313 I GoogleInputMethodService: GoogleInputMethodService.onStartInput():2002
02-14 19:48:05.753  4586  4586 I ViewInteraction: Checking 'com.example.dogglers.BaseTest$DrawableMatcher$RecyclerViewAssertion@922909e' assertion on view view.getId() is <2131231206/com.example.dogglers:id/vertical_recycler_view>
02-14 19:48:05.755  1313  1313 I DeviceUnlockedTag: DeviceUnlockedTag.notifyDeviceLockStatusChanged():31 Notify device unlocked.
02-14 19:48:05.756  1174  4730 I NetworkScheduler.Stats: Task com.google.android.gms/com.google.android.gms.phenotype.service.sync.PhenotypeConfigurator finished executing. cause:5 result: 1 elapsed_millis: 11619 uptime_millis: 11619 exec_start_elapsed_seconds: 100 [CONTEXT service_id=218 ]
02-14 19:48:05.757  1174  4729 I GCoreUlr: WorldUpdater:init: Ensuring that reporting is stopped because of reasons: (no Google accounts)
02-14 19:48:05.759  1174  4729 I GCoreUlr: Unbound from all signal providers.
02-14 19:48:05.768  1174  1174 I GCoreUlr: Unbound from all signal providers.
02-14 19:48:05.768  1174  1174 I GCoreUlr: Stopping handler for UlrDispSvcFast
02-14 19:48:05.787  4854  4854 V GraphicsEnvironment: ANGLE Developer option for 'com.google.android.youtube' set to: 'default'
02-14 19:48:05.787  4854  4854 V GraphicsEnvironment: Neither updatable production driver nor prerelease driver is supported.
02-14 19:48:05.789  4872  4872 D CompatibilityChangeReporter: Compat change id reported: 171979766; UID 1000; state: ENABLED
02-14 19:48:05.795  1738  4342 I Checkin : [CheckinOperation] Checkin Operation finished with result: FAILURE finish time: 112750.
02-14 19:48:05.814  4854  4854 D NetworkSecurityConfig: Using Network Security Config from resource network_security_config debugBuild: false
02-14 19:48:05.817  4854  4854 D NetworkSecurityConfig: Using Network Security Config from resource network_security_config debugBuild: false
02-14 19:48:05.841  4586  4586 D LifecycleMonitor: Lifecycle status change: com.example.dogglers.VerticalListActivity@61b8ff7 in: PAUSED
02-14 19:48:05.842  4586  4586 V ActivityScenario: Update currentActivityStage to PAUSED, currentActivity=com.example.dogglers.VerticalListActivity@61b8ff7
02-14 19:48:05.854  4586  4586 D LifecycleMonitor: Lifecycle status change: androidx.test.core.app.InstrumentationActivityInvoker$EmptyActivity@5ab7838 in: PRE_ON_CREATE
02-14 19:48:05.855  4586  4586 V ActivityScenario: Activity lifecycle changed event received but ignored because the intent does not match. startActivityIntent=Intent { act=android.intent.action.MAIN cat=[android.intent.category.LAUNCHER] cmp=com.example.dogglers/.VerticalListActivity }, activity.getIntent()=Intent { act=android.intent.action.MAIN cat=[android.intent.category.LAUNCHER] flg=0x10000000 cmp=com.example.dogglers/androidx.test.core.app.InstrumentationActivityInvoker$EmptyActivity }, activity=androidx.test.core.app.InstrumentationActivityInvoker$EmptyActivity@5ab7838
02-14 19:48:05.863  4586  4586 D LifecycleMonitor: Lifecycle status change: androidx.test.core.app.InstrumentationActivityInvoker$EmptyActivity@5ab7838 in: CREATED
02-14 19:48:05.863  4586  4586 V ActivityScenario: Activity lifecycle changed event received but ignored because the intent does not match. startActivityIntent=Intent { act=android.intent.action.MAIN cat=[android.intent.category.LAUNCHER] cmp=com.example.dogglers/.VerticalListActivity }, activity.getIntent()=Intent { act=android.intent.action.MAIN cat=[android.intent.category.LAUNCHER] flg=0x10000000 cmp=com.example.dogglers/androidx.test.core.app.InstrumentationActivityInvoker$EmptyActivity }, activity=androidx.test.core.app.InstrumentationActivityInvoker$EmptyActivity@5ab7838
02-14 19:48:05.864  4586  4586 D LifecycleMonitor: Lifecycle status change: androidx.test.core.app.InstrumentationActivityInvoker$EmptyActivity@5ab7838 in: STARTED
02-14 19:48:05.865  4586  4586 V ActivityScenario: Activity lifecycle changed event received but ignored because the intent does not match. startActivityIntent=Intent { act=android.intent.action.MAIN cat=[android.intent.category.LAUNCHER] cmp=com.example.dogglers/.VerticalListActivity }, activity.getIntent()=Intent { act=android.intent.action.MAIN cat=[android.intent.category.LAUNCHER] flg=0x10000000 cmp=com.example.dogglers/androidx.test.core.app.InstrumentationActivityInvoker$EmptyActivity }, activity=androidx.test.core.app.InstrumentationActivityInvoker$EmptyActivity@5ab7838
02-14 19:48:05.867  4586  4586 D LifecycleMonitor: Lifecycle status change: androidx.test.core.app.InstrumentationActivityInvoker$EmptyActivity@5ab7838 in: RESUMED
02-14 19:48:05.867  4586  4586 V ActivityScenario: Activity lifecycle changed event received but ignored because the intent does not match. startActivityIntent=Intent { act=android.intent.action.MAIN cat=[android.intent.category.LAUNCHER] cmp=com.example.dogglers/.VerticalListActivity }, activity.getIntent()=Intent { act=android.intent.action.MAIN cat=[android.intent.category.LAUNCHER] flg=0x10000000 cmp=com.example.dogglers/androidx.test.core.app.InstrumentationActivityInvoker$EmptyActivity }, activity=androidx.test.core.app.InstrumentationActivityInvoker$EmptyActivity@5ab7838
02-14 19:48:05.886  1174  4627 I NetworkScheduler.Stats: Task com.google.android.gms/com.google.android.gms.mdisync.service.MdiSyncBackgroundTaskService started execution. cause:5 exec_start_elapsed_seconds: 112 [CONTEXT service_id=218 ]
02-14 19:48:05.890   350   401 D goldfish-address-space: claimShared: Ask to claim region [0x3f89c3000 0x3f92aa000]
02-14 19:48:05.893  1738  3862 I MdiSyncModule: Dispatching task '3_PERIODIC'...
02-14 19:48:05.898  1174  4730 I NetworkScheduler.Stats: Task com.google.android.gms/com.google.android.gms.mdisync.service.MdiSyncBackgroundTaskService finished executing. cause:5 result: 2 elapsed_millis: 28 uptime_millis: 28 exec_start_elapsed_seconds: 112 [CONTEXT service_id=218 ]
02-14 19:48:05.928   350   401 D goldfish-address-space: claimShared: Ask to claim region [0x3f92aa000 0x3f9b91000]
02-14 19:48:05.929   350   401 D goldfish-address-space: claimShared: Ask to claim region [0x3f9b91000 0x3fa478000]
02-14 19:48:05.933  1174  4627 I NetworkScheduler.Stats: Task com.google.android.gms/com.google.android.gms.stats.PlatformStatsCollectorService started execution. cause:5 exec_start_elapsed_seconds: 112 [CONTEXT service_id=218 ]
02-14 19:48:05.961  4872  4872 V GraphicsEnvironment: ANGLE Developer option for 'com.android.settings' set to: 'default'
02-14 19:48:05.961  4872  4872 V GraphicsEnvironment: Neither updatable production driver nor prerelease driver is supported.
02-14 19:48:05.965  4872  4872 D NetworkSecurityConfig: No Network Security Config specified, using platform default
02-14 19:48:05.965  4872  4872 D NetworkSecurityConfig: No Network Security Config specified, using platform default
02-14 19:48:05.969  1174  4728 I NetworkScheduler.Stats: Task com.google.android.gms/com.google.android.gms.stats.PlatformStatsCollectorService finished executing. cause:5 result: 1 elapsed_millis: 46 uptime_millis: 46 exec_start_elapsed_seconds: 112 [CONTEXT service_id=218 ]
02-14 19:48:05.976   565  3444 W InputManager-JNI: Input channel object '1811c90 Splash Screen com.example.dogglers (client)' was disposed without first being removed with the input manager!
02-14 19:48:05.988   565   589 I ActivityTaskManager: Displayed com.example.dogglers/androidx.test.core.app.InstrumentationActivityInvoker$EmptyActivity: +154ms
02-14 19:48:06.004  1313  1313 I GoogleInputMethodService: GoogleInputMethodService.onFinishInput():3420
02-14 19:48:06.005  1313  1313 I GoogleInputMethodService: GoogleInputMethodService.onStartInput():2002
02-14 19:48:06.005  4586  4586 D LifecycleMonitor: Lifecycle status change: androidx.test.core.app.InstrumentationActivityInvoker$EmptyActivity@5ab7838 in: PAUSED
02-14 19:48:06.005  1313  1313 I DeviceUnlockedTag: DeviceUnlockedTag.notifyDeviceLockStatusChanged():31 Notify device unlocked.
02-14 19:48:06.009  4586  4586 V ActivityScenario: Activity lifecycle changed event received but ignored because the intent does not match. startActivityIntent=Intent { act=android.intent.action.MAIN cat=[android.intent.category.LAUNCHER] cmp=com.example.dogglers/.VerticalListActivity }, activity.getIntent()=Intent { act=android.intent.action.MAIN cat=[android.intent.category.LAUNCHER] flg=0x10000000 cmp=com.example.dogglers/androidx.test.core.app.InstrumentationActivityInvoker$EmptyActivity }, activity=androidx.test.core.app.InstrumentationActivityInvoker$EmptyActivity@5ab7838
02-14 19:48:06.021  4586  4586 D LifecycleMonitor: Lifecycle status change: com.example.dogglers.VerticalListActivity@61b8ff7 in: STOPPED
02-14 19:48:06.021  4586  4586 V ActivityScenario: Update currentActivityStage to STOPPED, currentActivity=com.example.dogglers.VerticalListActivity@61b8ff7
02-14 19:48:06.027  4586  4586 D LifecycleMonitor: Lifecycle status change: com.example.dogglers.VerticalListActivity@61b8ff7 in: DESTROYED
02-14 19:48:06.027  4586  4586 V ActivityScenario: Update currentActivityStage to DESTROYED, currentActivity=null
02-14 19:48:06.032   565  3444 W InputManager-JNI: Input channel object 'aa8c6df com.example.dogglers/com.example.dogglers.VerticalListActivity (client)' was disposed without first being removed with the input manager!
02-14 19:48:06.037  4586  4586 D LifecycleMonitor: Lifecycle status change: androidx.test.core.app.InstrumentationActivityInvoker$BootstrapActivity@3907e5d in: DESTROYED
02-14 19:48:06.039  1174  4730 I NetworkScheduler.Stats: Task com.google.android.gms/com.google.android.gms.checkin.CheckinService started execution. cause:5 exec_start_elapsed_seconds: 112 [CONTEXT service_id=218 ]
02-14 19:48:06.037  4586  4586 V ActivityScenario: Activity lifecycle changed event received but ignored because the intent does not match. startActivityIntent=Intent { act=android.intent.action.MAIN cat=[android.intent.category.LAUNCHER] cmp=com.example.dogglers/.VerticalListActivity }, activity.getIntent()=Intent { act=android.intent.action.MAIN cat=[android.intent.category.LAUNCHER] flg=0x10008000 cmp=com.example.dogglers/androidx.test.core.app.InstrumentationActivityInvoker$BootstrapActivity (has extras) }, activity=androidx.test.core.app.InstrumentationActivityInvoker$BootstrapActivity@3907e5d
02-14 19:48:06.044  1738  4725 I WakefulBroadcastRcvr: Processing wakeful broadcast: com.google.android.gms.checkin.CHECKIN_START_ACTION
02-14 19:48:06.048  4586  4586 D LifecycleMonitor: Lifecycle status change: androidx.test.core.app.InstrumentationActivityInvoker$EmptyActivity@a23ae6f in: PRE_ON_CREATE
02-14 19:48:06.048  4586  4586 V ActivityScenario: Activity lifecycle changed event received but ignored because the intent does not match. startActivityIntent=Intent { act=android.intent.action.MAIN cat=[android.intent.category.LAUNCHER] cmp=com.example.dogglers/.VerticalListActivity }, activity.getIntent()=Intent { act=android.intent.action.MAIN cat=[android.intent.category.LAUNCHER] flg=0x10000000 cmp=com.example.dogglers/androidx.test.core.app.InstrumentationActivityInvoker$EmptyActivity }, activity=androidx.test.core.app.InstrumentationActivityInvoker$EmptyActivity@a23ae6f
02-14 19:48:06.052  1738  4342 I Checkin : [EventLogChimeraService] Opted in for usage reporting: false
02-14 19:48:06.053  1174  4728 I NetworkScheduler.Stats: Task com.google.android.gms/com.google.android.gms.checkin.CheckinService finished executing. cause:5 result: 1 elapsed_millis: 35 uptime_millis: 35 exec_start_elapsed_seconds: 112 [CONTEXT service_id=218 ]
02-14 19:48:06.058  4586  4586 D LifecycleMonitor: Lifecycle status change: androidx.test.core.app.InstrumentationActivityInvoker$EmptyActivity@a23ae6f in: CREATED
02-14 19:48:06.059  4586  4586 V ActivityScenario: Activity lifecycle changed event received but ignored because the intent does not match. startActivityIntent=Intent { act=android.intent.action.MAIN cat=[android.intent.category.LAUNCHER] cmp=com.example.dogglers/.VerticalListActivity }, activity.getIntent()=Intent { act=android.intent.action.MAIN cat=[android.intent.category.LAUNCHER] flg=0x10000000 cmp=com.example.dogglers/androidx.test.core.app.InstrumentationActivityInvoker$EmptyActivity }, activity=androidx.test.core.app.InstrumentationActivityInvoker$EmptyActivity@a23ae6f
02-14 19:48:06.063  4586  4586 D LifecycleMonitor: Lifecycle status change: androidx.test.core.app.InstrumentationActivityInvoker$EmptyActivity@a23ae6f in: STARTED
02-14 19:48:06.063  4586  4586 V ActivityScenario: Activity lifecycle changed event received but ignored because the intent does not match. startActivityIntent=Intent { act=android.intent.action.MAIN cat=[android.intent.category.LAUNCHER] cmp=com.example.dogglers/.VerticalListActivity }, activity.getIntent()=Intent { act=android.intent.action.MAIN cat=[android.intent.category.LAUNCHER] flg=0x10000000 cmp=com.example.dogglers/androidx.test.core.app.InstrumentationActivityInvoker$EmptyActivity }, activity=androidx.test.core.app.InstrumentationActivityInvoker$EmptyActivity@a23ae6f
02-14 19:48:06.065  4586  4586 D LifecycleMonitor: Lifecycle status change: androidx.test.core.app.InstrumentationActivityInvoker$EmptyActivity@a23ae6f in: RESUMED
02-14 19:48:06.066  4586  4586 V ActivityScenario: Activity lifecycle changed event received but ignored because the intent does not match. startActivityIntent=Intent { act=android.intent.action.MAIN cat=[android.intent.category.LAUNCHER] cmp=com.example.dogglers/.VerticalListActivity }, activity.getIntent()=Intent { act=android.intent.action.MAIN cat=[android.intent.category.LAUNCHER] flg=0x10000000 cmp=com.example.dogglers/androidx.test.core.app.InstrumentationActivityInvoker$EmptyActivity }, activity=androidx.test.core.app.InstrumentationActivityInvoker$EmptyActivity@a23ae6f
02-14 19:48:06.075  1738  4342 I Checkin : [CheckinOperation] Checkin Operation finished with result: RESCHEDULED finish time: 113030.
02-14 19:48:06.075  1738  4342 I Checkin : [ScheduledCheckinGmsTaskService] scheduleCheckinTask
02-14 19:48:06.087  4872  4872 D SettingsSliceProvider: init
02-14 19:48:06.088  4872  4872 D SettingsSliceProvider: onCreateSliceProvider
02-14 19:48:06.091   350   401 D goldfish-address-space: claimShared: Ask to claim region [0x3f8000000 0x3f88e7000]
02-14 19:48:06.099   350   401 D goldfish-address-space: claimShared: Ask to claim region [0x3fa6b2000 0x3faf99000]
02-14 19:48:06.101  1738  4342 I Checkin : [ExecutionManager] Checkin scheduled at 7309353.
02-14 19:48:06.101   350   401 D goldfish-address-space: claimShared: Ask to claim region [0x3faf99000 0x3fb880000]
02-14 19:48:06.110  4872  4888 W UnsafeUtil: platform method missing - proto runtime falling back to safer methods: java.lang.NoSuchMethodException: sun.misc.Unsafe.copyMemory [class java.lang.Object, long, class java.lang.Object, long, long]
02-14 19:48:06.133  4237  4255 D CompatibilityChangeReporter: Compat change id reported: 150939131; UID 10117; state: ENABLED
02-14 19:48:06.137   565   589 I ActivityTaskManager: Displayed com.example.dogglers/androidx.test.core.app.InstrumentationActivityInvoker$EmptyActivity: +141ms
02-14 19:48:06.145  1174  4728 I PlatformStatsUtil: canLog says can't log [CONTEXT service_id=254 ]
02-14 19:48:06.148  1174  4627 I NetworkScheduler.Stats: Task com.google.android.gms/com.google.android.gms.stats.PlatformStatsCollectorService started execution. cause:5 exec_start_elapsed_seconds: 113 [CONTEXT service_id=218 ]
02-14 19:48:06.159  1174  4730 I NetworkScheduler.Stats: Task com.google.android.gms/com.google.android.gms.stats.PlatformStatsCollectorService finished executing. cause:5 result: 1 elapsed_millis: 45 uptime_millis: 45 exec_start_elapsed_seconds: 113 [CONTEXT service_id=218 ]
02-14 19:48:06.161  4586  4586 D LifecycleMonitor: Lifecycle status change: androidx.test.core.app.InstrumentationActivityInvoker$EmptyActivity@5ab7838 in: STOPPED
02-14 19:48:06.161  4586  4586 V ActivityScenario: Activity lifecycle changed event received but ignored because the intent does not match. startActivityIntent=Intent { act=android.intent.action.MAIN cat=[android.intent.category.LAUNCHER] cmp=com.example.dogglers/.VerticalListActivity }, activity.getIntent()=Intent { act=android.intent.action.MAIN cat=[android.intent.category.LAUNCHER] flg=0x10000000 cmp=com.example.dogglers/androidx.test.core.app.InstrumentationActivityInvoker$EmptyActivity }, activity=androidx.test.core.app.InstrumentationActivityInvoker$EmptyActivity@5ab7838
02-14 19:48:06.182   386   973 D PermissionCache: checking android.permission.READ_FRAME_BUFFER for uid=1000 => granted (53 us)
02-14 19:48:06.184   350   401 D goldfish-address-space: claimShared: Ask to claim region [0x3f92aa000 0x3f985c000]
02-14 19:48:06.454   565  1244 D HostConnection: createUnique: call
02-14 19:48:06.455   565  1244 D HostConnection: HostConnection::get() New Host Connection established 0x792620acaf50, tid 1244
02-14 19:48:06.460  4586  4586 D LifecycleMonitor: Lifecycle status change: androidx.test.core.app.InstrumentationActivityInvoker$EmptyActivity@5ab7838 in: DESTROYED
02-14 19:48:06.461  4586  4586 V ActivityScenario: Activity lifecycle changed event received but ignored because the intent does not match. startActivityIntent=Intent { act=android.intent.action.MAIN cat=[android.intent.category.LAUNCHER] cmp=com.example.dogglers/.VerticalListActivity }, activity.getIntent()=Intent { act=android.intent.action.MAIN cat=[android.intent.category.LAUNCHER] flg=0x10000000 cmp=com.example.dogglers/androidx.test.core.app.InstrumentationActivityInvoker$EmptyActivity }, activity=androidx.test.core.app.InstrumentationActivityInvoker$EmptyActivity@5ab7838
02-14 19:48:06.464   565  3486 W InputManager-JNI: Input channel object '385ecb com.example.dogglers/androidx.test.core.app.InstrumentationActivityInvoker$EmptyActivity (client)' was disposed without first being removed with the input manager!
02-14 19:48:06.464  1174  4729 I NetworkScheduler.Stats: Task com.google.android.gms/com.google.android.gms.stats.PlatformStatsCollectorService started execution. cause:5 exec_start_elapsed_seconds: 113 [CONTEXT service_id=218 ]
02-14 19:48:06.466   565  1244 D HostConnection: HostComposition ext ANDROID_EMU_CHECKSUM_HELPER_v1 ANDROID_EMU_native_sync_v2 ANDROID_EMU_native_sync_v3 ANDROID_EMU_native_sync_v4 ANDROID_EMU_dma_v1 ANDROID_EMU_direct_mem ANDROID_EMU_host_composition_v1 ANDROID_EMU_host_composition_v2 ANDROID_EMU_vulkan ANDROID_EMU_deferred_vulkan_commands ANDROID_EMU_vulkan_null_optional_strings ANDROID_EMU_vulkan_create_resources_with_requirements ANDROID_EMU_YUV_Cache ANDROID_EMU_vulkan_ignored_handles ANDROID_EMU_has_shared_slots_host_memory_allocator ANDROID_EMU_vulkan_free_memory_sync ANDROID_EMU_vulkan_shader_float16_int8 ANDROID_EMU_vulkan_async_queue_submit ANDROID_EMU_vulkan_queue_submit_with_commands ANDROID_EMU_sync_buffer_data ANDROID_EMU_read_color_buffer_dma GL_OES_vertex_array_object GL_KHR_texture_compression_astc_ldr ANDROID_EMU_host_side_tracing ANDROID_EMU_gles_max_version_2
02-14 19:48:06.467   565  1244 W OpenGLRenderer: Failed to choose config with EGL_SWAP_BEHAVIOR_PRESERVED, retrying without...
02-14 19:48:06.470   565  1244 W OpenGLRenderer: Failed to initialize 101010-2 format, error = EGL_SUCCESS
02-14 19:48:06.474  4586  4586 D LifecycleMonitor: Lifecycle status change: androidx.test.core.app.InstrumentationActivityInvoker$EmptyActivity@a23ae6f in: PAUSED
02-14 19:48:06.474  4586  4586 V ActivityScenario: Activity lifecycle changed event received but ignored because the intent does not match. startActivityIntent=Intent { act=android.intent.action.MAIN cat=[android.intent.category.LAUNCHER] cmp=com.example.dogglers/.VerticalListActivity }, activity.getIntent()=Intent { act=android.intent.action.MAIN cat=[android.intent.category.LAUNCHER] flg=0x10000000 cmp=com.example.dogglers/androidx.test.core.app.InstrumentationActivityInvoker$EmptyActivity }, activity=androidx.test.core.app.InstrumentationActivityInvoker$EmptyActivity@a23ae6f
02-14 19:48:06.477  1174  4627 I PlatformStatsUtil: canLog says can't log [CONTEXT service_id=254 ]
02-14 19:48:06.482  4813  4868 W System  : ClassLoader referenced unknown path:
02-14 19:48:06.486   565  1244 D EGL_emulation: eglCreateContext: 0x792620ac5310: maj 2 min 0 rcv 2
02-14 19:48:06.486  1174  4728 I NetworkScheduler.Stats: Task com.google.android.gms/com.google.android.gms.stats.PlatformStatsCollectorService finished executing. cause:5 result: 1 elapsed_millis: 283 uptime_millis: 283 exec_start_elapsed_seconds: 113 [CONTEXT service_id=218 ]
02-14 19:48:06.496  4586  4753 I TestRunner: finished: recycler_view_item_count(com.example.dogglers.VerticalListTests)
