02-14 19:48:10.929  4586  4753 I TestRunner: started: vertical_scroll_content_at_first_position(com.example.dogglers.VerticalListTests)
02-14 19:48:10.935  4586  4753 W Settings: Setting always_finish_activities has moved from android.provider.Settings.System to android.provider.Settings.Global, returning read-only value.
02-14 19:48:10.943  1174  4729 I NetworkScheduler.Stats: Task com.google.android.gms/com.google.android.gms.pay.gcmtask.PayGcmTaskService started execution. cause:5 exec_start_elapsed_seconds: 117 [CONTEXT service_id=218 ]
02-14 19:48:10.951  1738  2184 W Pay     : Active account was null, notification task will be cancelled. [CONTEXT service_id=198 ]
02-14 19:48:10.951  1738  2184 E Pay     : [Migration operation] Active tapandpay account not found! [CONTEXT service_id=198 ]
02-14 19:48:10.979  1738  1738 D BoundBrokerSvc: onBind: Intent { act=com.google.android.gms.pay.service.BIND dat=chimera-action: cmp=com.google.android.gms/.chimera.GmsApiService }
02-14 19:48:10.979  1738  1738 D BoundBrokerSvc: Loading bound service for intent: Intent { act=com.google.android.gms.pay.service.BIND dat=chimera-action: cmp=com.google.android.gms/.chimera.GmsApiService }
02-14 19:48:10.995   350   350 D goldfish-address-space: claimShared: Ask to claim region [0x3f48e7000 0x3f51ce000]
02-14 19:48:10.996  4586  4586 D LifecycleMonitor: Lifecycle status change: androidx.test.core.app.InstrumentationActivityInvoker$BootstrapActivity@c490cc2 in: PRE_ON_CREATE
02-14 19:48:10.997  4586  4586 V ActivityScenario: Activity lifecycle changed event received but ignored because the intent does not match. startActivityIntent=Intent { act=android.intent.action.MAIN cat=[android.intent.category.LAUNCHER] cmp=com.example.dogglers/.VerticalListActivity }, activity.getIntent()=Intent { act=android.intent.action.MAIN cat=[android.intent.category.LAUNCHER] flg=0x10008000 cmp=com.example.dogglers/androidx.test.core.app.InstrumentationActivityInvoker$BootstrapActivity (has extras) }, activity=androidx.test.core.app.InstrumentationActivityInvoker$BootstrapActivity@c490cc2
02-14 19:48:11.010   350   350 D goldfish-address-space: claimShared: Ask to claim region [0x3f51ce000 0x3f5ab5000]
02-14 19:48:11.014  4586  4586 D LifecycleMonitor: Lifecycle status change: androidx.test.core.app.InstrumentationActivityInvoker$BootstrapActivity@c490cc2 in: CREATED
02-14 19:48:11.014   350   350 D goldfish-address-space: claimShared: Ask to claim region [0x3f5ab5000 0x3f639c000]
02-14 19:48:11.016  4586  4586 V ActivityScenario: Activity lifecycle changed event received but ignored because the intent does not match. startActivityIntent=Intent { act=android.intent.action.MAIN cat=[android.intent.category.LAUNCHER] cmp=com.example.dogglers/.VerticalListActivity }, activity.getIntent()=Intent { act=android.intent.action.MAIN cat=[android.intent.category.LAUNCHER] flg=0x10008000 cmp=com.example.dogglers/androidx.test.core.app.InstrumentationActivityInvoker$BootstrapActivity (has extras) }, activity=androidx.test.core.app.InstrumentationActivityInvoker$BootstrapActivity@c490cc2
02-14 19:48:11.019  4586  4586 D LifecycleMonitor: Lifecycle status change: androidx.test.core.app.InstrumentationActivityInvoker$BootstrapActivity@c490cc2 in: STARTED
02-14 19:48:11.020  4586  4586 V ActivityScenario: Activity lifecycle changed event received but ignored because the intent does not match. startActivityIntent=Intent { act=android.intent.action.MAIN cat=[android.intent.category.LAUNCHER] cmp=com.example.dogglers/.VerticalListActivity }, activity.getIntent()=Intent { act=android.intent.action.MAIN cat=[android.intent.category.LAUNCHER] flg=0x10008000 cmp=com.example.dogglers/androidx.test.core.app.InstrumentationActivityInvoker$BootstrapActivity (has extras) }, activity=androidx.test.core.app.InstrumentationActivityInvoker$BootstrapActivity@c490cc2
02-14 19:48:11.047  4586  4586 D LifecycleMonitor: Lifecycle status change: androidx.test.core.app.InstrumentationActivityInvoker$BootstrapActivity@c490cc2 in: RESUMED
02-14 19:48:11.047  4586  4586 V ActivityScenario: Activity lifecycle changed event received but ignored because the intent does not match. startActivityIntent=Intent { act=android.intent.action.MAIN cat=[android.intent.category.LAUNCHER] cmp=com.example.dogglers/.VerticalListActivity }, activity.getIntent()=Intent { act=android.intent.action.MAIN cat=[android.intent.category.LAUNCHER] flg=0x10008000 cmp=com.example.dogglers/androidx.test.core.app.InstrumentationActivityInvoker$BootstrapActivity (has extras) }, activity=androidx.test.core.app.InstrumentationActivityInvoker$BootstrapActivity@c490cc2
02-14 19:48:11.052  4586  4586 D LifecycleMonitor: Lifecycle status change: androidx.test.core.app.InstrumentationActivityInvoker$BootstrapActivity@c490cc2 in: PAUSED
02-14 19:48:11.052  4586  4586 V ActivityScenario: Activity lifecycle changed event received but ignored because the intent does not match. startActivityIntent=Intent { act=android.intent.action.MAIN cat=[android.intent.category.LAUNCHER] cmp=com.example.dogglers/.VerticalListActivity }, activity.getIntent()=Intent { act=android.intent.action.MAIN cat=[android.intent.category.LAUNCHER] flg=0x10008000 cmp=com.example.dogglers/androidx.test.core.app.InstrumentationActivityInvoker$BootstrapActivity (has extras) }, activity=androidx.test.core.app.InstrumentationActivityInvoker$BootstrapActivity@c490cc2
02-14 19:48:11.053  1738  2184 I Pay     : Migration already completed. [CONTEXT service_id=198 ]
02-14 19:48:11.063  4586  4586 D LifecycleMonitor: Lifecycle status change: com.example.dogglers.VerticalListActivity@53a733c in: PRE_ON_CREATE
02-14 19:48:11.063  4586  4586 V ActivityScenario: Activity lifecycle changed event received but ignored because the reported transition was not ON_CREATE while the last known transition was PRE_ON_CREATE
02-14 19:48:11.078  1738  2184 I Pay     : Migration already completed. [CONTEXT service_id=198 ]
02-14 19:48:11.080  4586  4586 D LifecycleMonitor: Lifecycle status change: com.example.dogglers.VerticalListActivity@53a733c in: CREATED
02-14 19:48:11.080  4586  4586 V ActivityScenario: Update currentActivityStage to CREATED, currentActivity=com.example.dogglers.VerticalListActivity@53a733c
02-14 19:48:11.081  4586  4586 D LifecycleMonitor: Lifecycle status change: com.example.dogglers.VerticalListActivity@53a733c in: STARTED
02-14 19:48:11.082  1738  2184 I Pay     : Migration already completed. [CONTEXT service_id=198 ]
02-14 19:48:11.082  4586  4586 V ActivityScenario: Update currentActivityStage to STARTED, currentActivity=com.example.dogglers.VerticalListActivity@53a733c
02-14 19:48:11.083  4586  4586 D LifecycleMonitor: Lifecycle status change: com.example.dogglers.VerticalListActivity@53a733c in: RESUMED
02-14 19:48:11.084  4586  4586 V ActivityScenario: Update currentActivityStage to RESUMED, currentActivity=com.example.dogglers.VerticalListActivity@53a733c
02-14 19:48:11.087  1738  2184 I Pay     : Migration already completed. [CONTEXT service_id=198 ]
02-14 19:48:11.095  1738  2184 I Pay     : Migration already completed. [CONTEXT service_id=198 ]
02-14 19:48:11.102  1738  2184 I Pay     : Migration already completed. [CONTEXT service_id=198 ]
02-14 19:48:11.102   350   350 D goldfish-address-space: claimShared: Ask to claim region [0x3f985c000 0x3fa143000]
02-14 19:48:11.110   350   350 D goldfish-address-space: claimShared: Ask to claim region [0x3fdab5000 0x3fe39c000]
02-14 19:48:11.114   350   350 D goldfish-address-space: claimShared: Ask to claim region [0x3fe39c000 0x3fec83000]
02-14 19:48:11.120  1738  2184 I Pay     : Migration already completed. [CONTEXT service_id=198 ]
02-14 19:48:11.120  1738  2184 W Pay     : [SeTosMigration] walletJpEligibility is not enabled [CONTEXT service_id=198 ]
02-14 19:48:11.127  1738  2184 I Pay     : Wallet install state NOT_INSTALLED [CONTEXT service_id=198 ]
02-14 19:48:11.128  1738  2184 I Pay     : Migration flag not enabled. [CONTEXT service_id=198 ]
02-14 19:48:11.131  1174  4627 I NetworkScheduler.Stats: Task com.google.android.gms/com.google.android.gms.pay.gcmtask.PayGcmTaskService finished executing. cause:5 result: 1 elapsed_millis: 211 uptime_millis: 211 exec_start_elapsed_seconds: 117 [CONTEXT service_id=218 ]
02-14 19:48:11.167  1174  4729 I NetworkScheduler.Stats: Task com.google.android.gms/com.google.android.gms.pay.gcmtask.PayGcmTaskService started execution. cause:5 exec_start_elapsed_seconds: 118 [CONTEXT service_id=218 ]
02-14 19:48:11.178   565   589 I ActivityTaskManager: Displayed com.example.dogglers/.VerticalListActivity: +224ms
02-14 19:48:11.183  4586  4586 D RootViewPicker: Root not ready - waiting: 10ms for one to appear.
02-14 19:48:11.184  1174  4627 I NetworkScheduler.Stats: Task com.google.android.gms/com.google.android.gms.pay.gcmtask.PayGcmTaskService finished executing. cause:5 result: 1 elapsed_millis: 29 uptime_millis: 29 exec_start_elapsed_seconds: 118 [CONTEXT service_id=218 ]
02-14 19:48:11.196  1313  1313 I GoogleInputMethodService: GoogleInputMethodService.onFinishInput():3420
02-14 19:48:11.196  1313  1313 I GoogleInputMethodService: GoogleInputMethodService.onStartInput():2002
02-14 19:48:11.197  1313  1313 I DeviceUnlockedTag: DeviceUnlockedTag.notifyDeviceLockStatusChanged():31 Notify device unlocked.
02-14 19:48:11.227  4586  4586 I ViewInteraction: Checking 'MatchesViewAssertion{viewMatcher=(view has effective visibility <VISIBLE> and view.getGlobalVisibleRect() to return non-empty rectangle)}' assertion on view an instance of android.widget.TextView and view.getText() with or without transformation to match: is "Tzeitel"
02-14 19:48:11.231  4586  4586 I ViewInteraction: Checking 'MatchesViewAssertion{viewMatcher=(view has effective visibility <VISIBLE> and view.getGlobalVisibleRect() to return non-empty rectangle)}' assertion on view an instance of android.widget.TextView and view.getText() with or without transformation to match: is "Age: 7"
02-14 19:48:11.234  4586  4586 I ViewInteraction: Checking 'MatchesViewAssertion{viewMatcher=(view has effective visibility <VISIBLE> and view.getGlobalVisibleRect() to return non-empty rectangle)}' assertion on view an instance of android.widget.TextView and view.getText() with or without transformation to match: is "Hobbies: sunbathing"
02-14 19:48:11.266  1174  4729 I NetworkScheduler.Stats: Task com.google.android.gms/com.google.android.gms.tapandpay.gcmtask.TapAndPayGcmTaskService started execution. cause:5 exec_start_elapsed_seconds: 118 [CONTEXT service_id=218 ]
02-14 19:48:11.310  2882  3559 I android.vendin: oneway function results for code 2 on binder at 0x7925b0ac1fd0 will be dropped but finished with status UNKNOWN_TRANSACTION
02-14 19:48:11.334  1174  4627 W TapAndPay: NfcAdapter is null while obtaining CardEmulation instance. [CONTEXT service_id=79 ]
02-14 19:48:11.334  1174  4627 W TapAndPay: java.lang.NullPointerException: NfcAdapter is null
02-14 19:48:11.334  1174  4627 W TapAndPay: 	at android.nfc.cardemulation.CardEmulation.getInstance(CardEmulation.java:150)
02-14 19:48:11.334  1174  4627 W TapAndPay: 	at bytp.<init>(:com.google.android.gms@230413047@23.04.13 (190800-505809224):0)
02-14 19:48:11.334  1174  4627 W TapAndPay: 	at com.google.android.gms.tapandpay.hce.task.TapAndPayAidRegistrationTaskOperation.a(:com.google.android.gms@230413047@23.04.13 (190800-505809224):5)
02-14 19:48:11.334  1174  4627 W TapAndPay: 	at com.google.android.gms.tapandpay.gcmtask.TapAndPayGcmTaskChimeraService.a(:com.google.android.gms@230413047@23.04.13 (190800-505809224):4)
02-14 19:48:11.334  1174  4627 W TapAndPay: 	at atkf.call(:com.google.android.gms@230413047@23.04.13 (190800-505809224):4)
02-14 19:48:11.334  1174  4627 W TapAndPay: 	at java.util.concurrent.FutureTask.run(FutureTask.java:266)
02-14 19:48:11.334  1174  4627 W TapAndPay: 	at aarn.c(:com.google.android.gms@230413047@23.04.13 (190800-505809224):6)
02-14 19:48:11.334  1174  4627 W TapAndPay: 	at aarn.run(:com.google.android.gms@230413047@23.04.13 (190800-505809224):7)
02-14 19:48:11.334  1174  4627 W TapAndPay: 	at java.util.concurrent.ThreadPoolExecutor.runWorker(ThreadPoolExecutor.java:1167)
02-14 19:48:11.334  1174  4627 W TapAndPay: 	at java.util.concurrent.ThreadPoolExecutor$Worker.run(ThreadPoolExecutor.java:641)
02-14 19:48:11.334  1174  4627 W TapAndPay: 	at aawt.run(:com.google.android.gms@230413047@23.04.13 (190800-505809224):0)
02-14 19:48:11.334  1174  4627 W TapAndPay: 	at java.lang.Thread.run(Thread.java:920)
02-14 19:48:11.347  1174  4627 I NetworkScheduler.Stats: Task com.google.android.gms/com.google.android.gms.tapandpay.gcmtask.TapAndPayGcmTaskService finished executing. cause:5 result: 3 elapsed_millis: 109 uptime_millis: 109 exec_start_elapsed_seconds: 118 [CONTEXT service_id=218 ]
02-14 19:48:11.420  1174  4730 I NetworkScheduler.Stats: Task com.google.android.gms/com.google.android.gms.tapandpay.gcmtask.TapAndPayGcmTaskService started execution. cause:5 exec_start_elapsed_seconds: 118 [CONTEXT service_id=218 ]
02-14 19:48:11.445  1174  4730 I NetworkScheduler.Stats: Task com.google.android.gms/com.google.android.gms.tapandpay.gcmtask.TapAndPayGcmTaskService finished executing. cause:5 result: 1 elapsed_millis: 37 uptime_millis: 37 exec_start_elapsed_seconds: 118 [CONTEXT service_id=218 ]
02-14 19:48:11.454  3120  3120 I Finsky:background: [2] raq.onDestroy(8): IPC-SERVER: Stopping gRPC host service...
02-14 19:48:11.460  3120  3120 I Finsky:background: [2] tdw.onTrimMemory(1): Memory trim requested to level 40
02-14 19:48:11.470   565  2034 W InputManager-JNI: Input channel object '53e3afc Splash Screen com.example.dogglers (client)' was disposed without first being removed with the input manager!
02-14 19:48:11.480  4586  4586 I ViewInteraction: Checking 'MatchesViewAssertion{viewMatcher=(view has effective visibility <VISIBLE> and view.getGlobalVisibleRect() to return non-empty rectangle)}' assertion on view has drawable resource 2131165345
02-14 19:48:11.481   334   334 I Zygote  : Process 4212 exited due to signal 9 (Killed)
02-14 19:48:11.486  4586  4586 D LifecycleMonitor: Lifecycle status change: androidx.test.core.app.InstrumentationActivityInvoker$BootstrapActivity@c490cc2 in: STOPPED
02-14 19:48:11.486  4586  4586 V ActivityScenario: Activity lifecycle changed event received but ignored because the intent does not match. startActivityIntent=Intent { act=android.intent.action.MAIN cat=[android.intent.category.LAUNCHER] cmp=com.example.dogglers/.VerticalListActivity }, activity.getIntent()=Intent { act=android.intent.action.MAIN cat=[android.intent.category.LAUNCHER] flg=0x10008000 cmp=com.example.dogglers/androidx.test.core.app.InstrumentationActivityInvoker$BootstrapActivity (has extras) }, activity=androidx.test.core.app.InstrumentationActivityInvoker$BootstrapActivity@c490cc2
02-14 19:48:11.504   565   602 I libprocessgroup: Successfully killed process cgroup uid 10091 pid 4212 in 45ms
02-14 19:48:11.513  4586  4586 D LifecycleMonitor: Lifecycle status change: com.example.dogglers.VerticalListActivity@53a733c in: PAUSED
02-14 19:48:11.513  4586  4586 V ActivityScenario: Update currentActivityStage to PAUSED, currentActivity=com.example.dogglers.VerticalListActivity@53a733c
02-14 19:48:11.520  1690  2197 W SearchServiceCore: Abort, client detached.
02-14 19:48:11.537  1869  1917 W Bugle   : TextClassifierLibManagerImpl: Reclaiming memory at level: 60
02-14 19:48:11.537  4586  4586 D LifecycleMonitor: Lifecycle status change: androidx.test.core.app.InstrumentationActivityInvoker$EmptyActivity@95c1c2c in: PRE_ON_CREATE
02-14 19:48:11.537  4586  4586 V ActivityScenario: Activity lifecycle changed event received but ignored because the intent does not match. startActivityIntent=Intent { act=android.intent.action.MAIN cat=[android.intent.category.LAUNCHER] cmp=com.example.dogglers/.VerticalListActivity }, activity.getIntent()=Intent { act=android.intent.action.MAIN cat=[android.intent.category.LAUNCHER] flg=0x10000000 cmp=com.example.dogglers/androidx.test.core.app.InstrumentationActivityInvoker$EmptyActivity }, activity=androidx.test.core.app.InstrumentationActivityInvoker$EmptyActivity@95c1c2c
02-14 19:48:11.547  1174  4729 I NetworkScheduler.Stats: Task com.google.android.gms/com.google.android.gms.tapandpay.gcmtask.TapAndPayGcmTaskService started execution. cause:5 exec_start_elapsed_seconds: 118 [CONTEXT service_id=218 ]
02-14 19:48:11.551  4586  4586 D LifecycleMonitor: Lifecycle status change: androidx.test.core.app.InstrumentationActivityInvoker$EmptyActivity@95c1c2c in: CREATED
02-14 19:48:11.552  4586  4586 V ActivityScenario: Activity lifecycle changed event received but ignored because the intent does not match. startActivityIntent=Intent { act=android.intent.action.MAIN cat=[android.intent.category.LAUNCHER] cmp=com.example.dogglers/.VerticalListActivity }, activity.getIntent()=Intent { act=android.intent.action.MAIN cat=[android.intent.category.LAUNCHER] flg=0x10000000 cmp=com.example.dogglers/androidx.test.core.app.InstrumentationActivityInvoker$EmptyActivity }, activity=androidx.test.core.app.InstrumentationActivityInvoker$EmptyActivity@95c1c2c
02-14 19:48:11.553  4586  4586 D LifecycleMonitor: Lifecycle status change: androidx.test.core.app.InstrumentationActivityInvoker$EmptyActivity@95c1c2c in: STARTED
02-14 19:48:11.554  4586  4586 V ActivityScenario: Activity lifecycle changed event received but ignored because the intent does not match. startActivityIntent=Intent { act=android.intent.action.MAIN cat=[android.intent.category.LAUNCHER] cmp=com.example.dogglers/.VerticalListActivity }, activity.getIntent()=Intent { act=android.intent.action.MAIN cat=[android.intent.category.LAUNCHER] flg=0x10000000 cmp=com.example.dogglers/androidx.test.core.app.InstrumentationActivityInvoker$EmptyActivity }, activity=androidx.test.core.app.InstrumentationActivityInvoker$EmptyActivity@95c1c2c
02-14 19:48:11.556  1174  4729 I NetworkScheduler.Stats: Task com.google.android.gms/com.google.android.gms.tapandpay.gcmtask.TapAndPayGcmTaskService finished executing. cause:5 result: 1 elapsed_millis: 39 uptime_millis: 39 exec_start_elapsed_seconds: 118 [CONTEXT service_id=218 ]
02-14 19:48:11.565  4586  4586 D LifecycleMonitor: Lifecycle status change: androidx.test.core.app.InstrumentationActivityInvoker$EmptyActivity@95c1c2c in: RESUMED
02-14 19:48:11.565  4586  4586 V ActivityScenario: Activity lifecycle changed event received but ignored because the intent does not match. startActivityIntent=Intent { act=android.intent.action.MAIN cat=[android.intent.category.LAUNCHER] cmp=com.example.dogglers/.VerticalListActivity }, activity.getIntent()=Intent { act=android.intent.action.MAIN cat=[android.intent.category.LAUNCHER] flg=0x10000000 cmp=com.example.dogglers/androidx.test.core.app.InstrumentationActivityInvoker$EmptyActivity }, activity=androidx.test.core.app.InstrumentationActivityInvoker$EmptyActivity@95c1c2c
02-14 19:48:11.583  1471  1828 I BugleRcsEngine: [51] ProvisioningEventReceiver.d: Received Provisioning Event: [Bugle information (100)]
02-14 19:48:11.583  1471  1828 I BugleRcsEngine: [51] ProvisioningEventReceiver.d: JibeService is running, passing event to provisioning engine.
02-14 19:48:11.601   350   350 D goldfish-address-space: claimShared: Ask to claim region [0x3f4000000 0x3f48e7000]
02-14 19:48:11.615   350   350 D goldfish-address-space: claimShared: Ask to claim region [0x3f694e000 0x3f7235000]
02-14 19:48:11.619   350   350 D goldfish-address-space: claimShared: Ask to claim region [0x3f8000000 0x3f88e7000]
02-14 19:48:11.635  1174  4729 I NetworkScheduler.Stats: Task com.google.android.gms/com.google.android.gms.tapandpay.gcmtask.TapAndPayGcmTaskService started execution. cause:5 exec_start_elapsed_seconds: 118 [CONTEXT service_id=218 ]
02-14 19:48:11.636   565   589 I ActivityTaskManager: Displayed com.example.dogglers/androidx.test.core.app.InstrumentationActivityInvoker$EmptyActivity: +129ms
02-14 19:48:11.653  4586  4586 D LifecycleMonitor: Lifecycle status change: com.example.dogglers.VerticalListActivity@53a733c in: STOPPED
02-14 19:48:11.654  4586  4586 V ActivityScenario: Update currentActivityStage to STOPPED, currentActivity=com.example.dogglers.VerticalListActivity@53a733c
02-14 19:48:11.658  4586  4586 D LifecycleMonitor: Lifecycle status change: com.example.dogglers.VerticalListActivity@53a733c in: DESTROYED
02-14 19:48:11.658  4586  4586 V ActivityScenario: Update currentActivityStage to DESTROYED, currentActivity=null
02-14 19:48:11.674   565  3486 W InputManager-JNI: Input channel object 'b7969e2 com.example.dogglers/com.example.dogglers.VerticalListActivity (client)' was disposed without first being removed with the input manager!
02-14 19:48:11.692  4586  4586 D LifecycleMonitor: Lifecycle status change: androidx.test.core.app.InstrumentationActivityInvoker$EmptyActivity@95c1c2c in: PAUSED
02-14 19:48:11.692  4586  4586 V ActivityScenario: Activity lifecycle changed event received but ignored because the intent does not match. startActivityIntent=Intent { act=android.intent.action.MAIN cat=[android.intent.category.LAUNCHER] cmp=com.example.dogglers/.VerticalListActivity }, activity.getIntent()=Intent { act=android.intent.action.MAIN cat=[android.intent.category.LAUNCHER] flg=0x10000000 cmp=com.example.dogglers/androidx.test.core.app.InstrumentationActivityInvoker$EmptyActivity }, activity=androidx.test.core.app.InstrumentationActivityInvoker$EmptyActivity@95c1c2c
02-14 19:48:11.713  4586  4586 D LifecycleMonitor: Lifecycle status change: androidx.test.core.app.InstrumentationActivityInvoker$BootstrapActivity@c490cc2 in: DESTROYED
02-14 19:48:11.713  4586  4586 V ActivityScenario: Activity lifecycle changed event received but ignored because the intent does not match. startActivityIntent=Intent { act=android.intent.action.MAIN cat=[android.intent.category.LAUNCHER] cmp=com.example.dogglers/.VerticalListActivity }, activity.getIntent()=Intent { act=android.intent.action.MAIN cat=[android.intent.category.LAUNCHER] flg=0x10008000 cmp=com.example.dogglers/androidx.test.core.app.InstrumentationActivityInvoker$BootstrapActivity (has extras) }, activity=androidx.test.core.app.InstrumentationActivityInvoker$BootstrapActivity@c490cc2
02-14 19:48:11.714  1869  1869 I BugleRcsProvisioning: RcsProvisioningEventReceiver: Received ProvisioningEvent: Send Provisioning Session ID
02-14 19:48:11.725  4586  4586 D LifecycleMonitor: Lifecycle status change: androidx.test.core.app.InstrumentationActivityInvoker$EmptyActivity@623673 in: PRE_ON_CREATE
02-14 19:48:11.726  4586  4586 V ActivityScenario: Activity lifecycle changed event received but ignored because the intent does not match. startActivityIntent=Intent { act=android.intent.action.MAIN cat=[android.intent.category.LAUNCHER] cmp=com.example.dogglers/.VerticalListActivity }, activity.getIntent()=Intent { act=android.intent.action.MAIN cat=[android.intent.category.LAUNCHER] flg=0x10000000 cmp=com.example.dogglers/androidx.test.core.app.InstrumentationActivityInvoker$EmptyActivity }, activity=androidx.test.core.app.InstrumentationActivityInvoker$EmptyActivity@623673
02-14 19:48:11.726  1869  1869 I BugleRcsProvisioning: RcsProvisioningEventReceiver: Received ProvisioningEvent: Availability updated
02-14 19:48:11.727  1869  1869 I BugleRcsProvisioning: RcsProvisioningEventReceiver: Bugle receives rcs availability update to: 10
02-14 19:48:11.739  4586  4586 D LifecycleMonitor: Lifecycle status change: androidx.test.core.app.InstrumentationActivityInvoker$EmptyActivity@623673 in: CREATED
02-14 19:48:11.739  4586  4586 V ActivityScenario: Activity lifecycle changed event received but ignored because the intent does not match. startActivityIntent=Intent { act=android.intent.action.MAIN cat=[android.intent.category.LAUNCHER] cmp=com.example.dogglers/.VerticalListActivity }, activity.getIntent()=Intent { act=android.intent.action.MAIN cat=[android.intent.category.LAUNCHER] flg=0x10000000 cmp=com.example.dogglers/androidx.test.core.app.InstrumentationActivityInvoker$EmptyActivity }, activity=androidx.test.core.app.InstrumentationActivityInvoker$EmptyActivity@623673
02-14 19:48:11.741  4586  4586 D LifecycleMonitor: Lifecycle status change: androidx.test.core.app.InstrumentationActivityInvoker$EmptyActivity@623673 in: STARTED
02-14 19:48:11.741  4586  4586 V ActivityScenario: Activity lifecycle changed event received but ignored because the intent does not match. startActivityIntent=Intent { act=android.intent.action.MAIN cat=[android.intent.category.LAUNCHER] cmp=com.example.dogglers/.VerticalListActivity }, activity.getIntent()=Intent { act=android.intent.action.MAIN cat=[android.intent.category.LAUNCHER] flg=0x10000000 cmp=com.example.dogglers/androidx.test.core.app.InstrumentationActivityInvoker$EmptyActivity }, activity=androidx.test.core.app.InstrumentationActivityInvoker$EmptyActivity@623673
02-14 19:48:11.743  1869  1869 I BugleRcsEngine: [2] alsz.d: Checking if using CarrierServices.apk is possible. Enabled: true, isAtLeastM: true, runningInsideBugle: true
02-14 19:48:11.743  4586  4586 D LifecycleMonitor: Lifecycle status change: androidx.test.core.app.InstrumentationActivityInvoker$EmptyActivity@623673 in: RESUMED
02-14 19:48:11.744  4586  4586 V ActivityScenario: Activity lifecycle changed event received but ignored because the intent does not match. startActivityIntent=Intent { act=android.intent.action.MAIN cat=[android.intent.category.LAUNCHER] cmp=com.example.dogglers/.VerticalListActivity }, activity.getIntent()=Intent { act=android.intent.action.MAIN cat=[android.intent.category.LAUNCHER] flg=0x10000000 cmp=com.example.dogglers/androidx.test.core.app.InstrumentationActivityInvoker$EmptyActivity }, activity=androidx.test.core.app.InstrumentationActivityInvoker$EmptyActivity@623673
02-14 19:48:11.745  1869  1869 W BugleRcsEngine: [2] alsz.g: Carrier Services Apk was not found.
02-14 19:48:11.745  1869  1869 I BugleRcsEngine: [2] alsz.e: Cannot get service version because CS.apk was not found, not pre-loaded or disabled.
02-14 19:48:11.745  1869  1869 W BugleRcsEngine: [2] alsz.e: Service with meta data key: JibeServiceApiVersions is not compatible. Service Version 1 is not supported. Supported versions: []
02-14 19:48:11.746  1869  1869 W BugleRcsEngine: [2] akrz.a: [SR]: Single Registration is disabled. Skipping Single Registration capability check for subId: 1
02-14 19:48:11.747  1869  1869 I BugleRcsProvisioning: RcsAvailabilityUpdaterLocal: [SR]: SingleRegistration capability, singleRegistrationCapability: false, simId: redacted-pii:sim_id[20-chars], subId: 1
02-14 19:48:11.749  1869  1869 I BugleRcsEngine: [2] albk.n: No RCS Configuration was found in Bugle for simID: redacted-pii:sim_id[20-chars]
02-14 19:48:11.749  1869  1869 I BugleRcsProvisioning: RcsAvailabilityUpdaterLocal: [SR]: SingleRegistration configuration, singleRegistrationRcsConfigAvailableAndEnabled: false, simId: redacted-pii:sim_id[20-chars]
02-14 19:48:11.749  1869  1869 I BugleRcsEngine: [2] albk.n: No RCS Configuration was found in Bugle for simID: redacted-pii:sim_id[20-chars]
02-14 19:48:11.750  1869  1869 I BugleRcsEngine: [2] alcv.a: Using config server URL from ajqd
02-14 19:48:11.750  1869  1869 I BugleRcsProvisioning: RcsAvailabilityUpdaterLocal: updateRcsAvailability, currentAvailability: 10, newAvailability: 10, hint: NO_HINT
02-14 19:48:11.757  1869  1911 I BugleRcsProvisioning: RcsProvisioningTrigger: onRcsAvailabilityUpdate : availability is updated to Carrier RCS is not set up, lastAvailability is Carrier RCS is not set up, simId hash = 6348210283263065042, isPev3Enabled = true
02-14 19:48:11.758  1869  1911 W Bugle   : TextClassifierLibManagerImpl: Reclaiming memory at level: 40
02-14 19:48:11.761  1471  1828 I BugleRcsEngine: [51] ProvisioningEventReceiver.d: Received Provisioning Event: [Availability updated (12)]
02-14 19:48:11.761  1471  1828 I BugleRcsEngine: [51] ProvisioningEventReceiver.d: JibeService is running, passing event to provisioning engine.
02-14 19:48:11.775   350   350 D goldfish-address-space: claimShared: Ask to claim region [0x3f48e7000 0x3f51ce000]
02-14 19:48:11.777  1869  1869 I BugleRcsProvisioning: RcsProvisioningEventReceiver: Received ProvisioningEvent: Update provisioning status
02-14 19:48:11.786  1869  1869 I BugleRcsProvisioning: RcsProvisioningEventReceiver: Received ProvisioningEvent: Show FastTrack UI
02-14 19:48:11.791   350   350 D goldfish-address-space: claimShared: Ask to claim region [0x3f51ce000 0x3f5ab5000]
02-14 19:48:11.793  1869  1912 W Bugle   : TextClassifierLibManagerImpl: Reclaiming memory at level: 40
02-14 19:48:11.793   350   350 D goldfish-address-space: claimShared: Ask to claim region [0x3f5ab5000 0x3f639c000]
02-14 19:48:11.808   565   589 I ActivityTaskManager: Displayed com.example.dogglers/androidx.test.core.app.InstrumentationActivityInvoker$EmptyActivity: +147ms
02-14 19:48:11.816  1174  4627 I NetworkScheduler.Stats: Task com.google.android.gms/com.google.android.gms.tapandpay.gcmtask.TapAndPayGcmTaskService finished executing. cause:5 result: 1 elapsed_millis: 188 uptime_millis: 188 exec_start_elapsed_seconds: 118 [CONTEXT service_id=218 ]
02-14 19:48:11.821  4586  4586 D LifecycleMonitor: Lifecycle status change: androidx.test.core.app.InstrumentationActivityInvoker$EmptyActivity@95c1c2c in: STOPPED
02-14 19:48:11.822  4586  4586 V ActivityScenario: Activity lifecycle changed event received but ignored because the intent does not match. startActivityIntent=Intent { act=android.intent.action.MAIN cat=[android.intent.category.LAUNCHER] cmp=com.example.dogglers/.VerticalListActivity }, activity.getIntent()=Intent { act=android.intent.action.MAIN cat=[android.intent.category.LAUNCHER] flg=0x10000000 cmp=com.example.dogglers/androidx.test.core.app.InstrumentationActivityInvoker$EmptyActivity }, activity=androidx.test.core.app.InstrumentationActivityInvoker$EmptyActivity@95c1c2c
02-14 19:48:11.830  1471  1828 I BugleRcsEngine: [51] ProvisioningEventReceiver.d: Received Provisioning Event: [Bugle information (100)]
02-14 19:48:11.830  1471  1828 I BugleRcsEngine: [51] ProvisioningEventReceiver.d: JibeService is running, passing event to provisioning engine.
02-14 19:48:11.839  1313  1313 I GoogleInputMethodService: GoogleInputMethodService.onFinishInput():3420
02-14 19:48:11.846  1313  1313 I GoogleInputMethodService: GoogleInputMethodService.onStartInput():2002
02-14 19:48:11.849  1313  1313 I DeviceUnlockedTag: DeviceUnlockedTag.notifyDeviceLockStatusChanged():31 Notify device unlocked.
02-14 19:48:11.868  4586  4586 D LifecycleMonitor: Lifecycle status change: androidx.test.core.app.InstrumentationActivityInvoker$EmptyActivity@95c1c2c in: DESTROYED
02-14 19:48:11.868  4586  4586 V ActivityScenario: Activity lifecycle changed event received but ignored because the intent does not match. startActivityIntent=Intent { act=android.intent.action.MAIN cat=[android.intent.category.LAUNCHER] cmp=com.example.dogglers/.VerticalListActivity }, activity.getIntent()=Intent { act=android.intent.action.MAIN cat=[android.intent.category.LAUNCHER] flg=0x10000000 cmp=com.example.dogglers/androidx.test.core.app.InstrumentationActivityInvoker$EmptyActivity }, activity=androidx.test.core.app.InstrumentationActivityInvoker$EmptyActivity@95c1c2c
02-14 19:48:11.872   565   993 W InputManager-JNI: Input channel object 'c9f13ec com.example.dogglers/androidx.test.core.app.InstrumentationActivityInvoker$EmptyActivity (client)' was disposed without first being removed with the input manager!
02-14 19:48:11.878   350   350 D goldfish-address-space: claimShared: Ask to claim region [0x3f77e7000 0x3f7d99000]
02-14 19:48:11.891  1690  1690 I A       : Received index update request from Icing
02-14 19:48:11.905  4586  4586 D LifecycleMonitor: Lifecycle status change: androidx.test.core.app.InstrumentationActivityInvoker$EmptyActivity@623673 in: PAUSED
02-14 19:48:11.906  4586  4586 V ActivityScenario: Activity lifecycle changed event received but ignored because the intent does not match. startActivityIntent=Intent { act=android.intent.action.MAIN cat=[android.intent.category.LAUNCHER] cmp=com.example.dogglers/.VerticalListActivity }, activity.getIntent()=Intent { act=android.intent.action.MAIN cat=[android.intent.category.LAUNCHER] flg=0x10000000 cmp=com.example.dogglers/androidx.test.core.app.InstrumentationActivityInvoker$EmptyActivity }, activity=androidx.test.core.app.InstrumentationActivityInvoker$EmptyActivity@623673
02-14 19:48:11.916  4586  4753 I TestRunner: finished: vertical_scroll_content_at_first_position(com.example.dogglers.VerticalListTests)
