02-13 11:42:59.043 24030 24062 I TestRunner: started: recycler_view_item_count(com.example.dogglers.VerticalListTests)
02-13 11:42:59.054 24030 24062 W Settings: Setting always_finish_activities has moved from android.provider.Settings.System to android.provider.Settings.Global, returning read-only value.
02-13 11:42:59.063 24030 24062 D CompatibilityChangeReporter: Compat change id reported: 160794467; UID 10148; state: ENABLED
02-13 11:42:59.279 24030 24030 D LifecycleMonitor: Lifecycle status change: androidx.test.core.app.InstrumentationActivityInvoker$BootstrapActivity@26993ad in: PRE_ON_CREATE
02-13 11:42:59.280 24030 24030 V ActivityScenario: Activity lifecycle changed event received but ignored because the intent does not match. startActivityIntent=Intent { act=android.intent.action.MAIN cat=[android.intent.category.LAUNCHER] cmp=com.example.dogglers/.VerticalListActivity }, activity.getIntent()=Intent { act=android.intent.action.MAIN cat=[android.intent.category.LAUNCHER] flg=0x10008000 cmp=com.example.dogglers/androidx.test.core.app.InstrumentationActivityInvoker$BootstrapActivity (has extras) }, activity=androidx.test.core.app.InstrumentationActivityInvoker$BootstrapActivity@26993ad
02-13 11:42:59.303   364   421 D goldfish-address-space: claimShared: Ask to claim region [0x3f0000000 0x3f08e7000]
02-13 11:42:59.320 24030 24065 D libEGL  : loaded /vendor/lib64/egl/libEGL_emulation.so
02-13 11:42:59.330 24030 24065 D libEGL  : loaded /vendor/lib64/egl/libGLESv1_CM_emulation.so
02-13 11:42:59.341  2362  2362 I GsaVoiceInteractionSrv: Handling ACTION_STOP_HOTWORD
02-13 11:42:59.349  2362  2362 E HwDetectorWithState: a: 3
02-13 11:42:59.349  1043  1813 D EGL_emulation: app_time_stats: avg=3147.46ms min=3147.46ms max=3147.46ms count=1
02-13 11:42:59.350 24030 24065 D libEGL  : loaded /vendor/lib64/egl/libGLESv2_emulation.so
02-13 11:42:59.364   364   421 D goldfish-address-space: claimShared: Ask to claim region [0x3f1ab5000 0x3f239c000]
02-13 11:42:59.371   364   421 D goldfish-address-space: claimShared: Ask to claim region [0x3f639c000 0x3f6c83000]
02-13 11:42:59.415 24030 24030 D LifecycleMonitor: Lifecycle status change: androidx.test.core.app.InstrumentationActivityInvoker$BootstrapActivity@26993ad in: CREATED
02-13 11:42:59.415 24030 24030 V ActivityScenario: Activity lifecycle changed event received but ignored because the intent does not match. startActivityIntent=Intent { act=android.intent.action.MAIN cat=[android.intent.category.LAUNCHER] cmp=com.example.dogglers/.VerticalListActivity }, activity.getIntent()=Intent { act=android.intent.action.MAIN cat=[android.intent.category.LAUNCHER] flg=0x10008000 cmp=com.example.dogglers/androidx.test.core.app.InstrumentationActivityInvoker$BootstrapActivity (has extras) }, activity=androidx.test.core.app.InstrumentationActivityInvoker$BootstrapActivity@26993ad
02-13 11:42:59.417 24030 24030 D LifecycleMonitor: Lifecycle status change: androidx.test.core.app.InstrumentationActivityInvoker$BootstrapActivity@26993ad in: STARTED
02-13 11:42:59.418 24030 24030 V ActivityScenario: Activity lifecycle changed event received but ignored because the intent does not match. startActivityIntent=Intent { act=android.intent.action.MAIN cat=[android.intent.category.LAUNCHER] cmp=com.example.dogglers/.VerticalListActivity }, activity.getIntent()=Intent { act=android.intent.action.MAIN cat=[android.intent.category.LAUNCHER] flg=0x10008000 cmp=com.example.dogglers/androidx.test.core.app.InstrumentationActivityInvoker$BootstrapActivity (has extras) }, activity=androidx.test.core.app.InstrumentationActivityInvoker$BootstrapActivity@26993ad
02-13 11:42:59.436 24030 24030 D LifecycleMonitor: Lifecycle status change: androidx.test.core.app.InstrumentationActivityInvoker$BootstrapActivity@26993ad in: RESUMED
02-13 11:42:59.436 24030 24030 V ActivityScenario: Activity lifecycle changed event received but ignored because the intent does not match. startActivityIntent=Intent { act=android.intent.action.MAIN cat=[android.intent.category.LAUNCHER] cmp=com.example.dogglers/.VerticalListActivity }, activity.getIntent()=Intent { act=android.intent.action.MAIN cat=[android.intent.category.LAUNCHER] flg=0x10008000 cmp=com.example.dogglers/androidx.test.core.app.InstrumentationActivityInvoker$BootstrapActivity (has extras) }, activity=androidx.test.core.app.InstrumentationActivityInvoker$BootstrapActivity@26993ad
02-13 11:42:59.442 24030 24030 D LifecycleMonitor: Lifecycle status change: androidx.test.core.app.InstrumentationActivityInvoker$BootstrapActivity@26993ad in: PAUSED
02-13 11:42:59.442 24030 24030 V ActivityScenario: Activity lifecycle changed event received but ignored because the intent does not match. startActivityIntent=Intent { act=android.intent.action.MAIN cat=[android.intent.category.LAUNCHER] cmp=com.example.dogglers/.VerticalListActivity }, activity.getIntent()=Intent { act=android.intent.action.MAIN cat=[android.intent.category.LAUNCHER] flg=0x10008000 cmp=com.example.dogglers/androidx.test.core.app.InstrumentationActivityInvoker$BootstrapActivity (has extras) }, activity=androidx.test.core.app.InstrumentationActivityInvoker$BootstrapActivity@26993ad
02-13 11:42:59.499 24030 24030 D LifecycleMonitor: Lifecycle status change: com.example.dogglers.VerticalListActivity@1d804c7 in: PRE_ON_CREATE
02-13 11:42:59.499 24030 24030 V ActivityScenario: Activity lifecycle changed event received but ignored because the reported transition was not ON_CREATE while the last known transition was PRE_ON_CREATE
02-13 11:42:59.627 24030 24030 W xample.doggler: Accessing hidden method Landroid/view/View;->computeFitSystemWindows(Landroid/graphics/Rect;Landroid/graphics/Rect;)Z (unsupported, reflection, allowed)
02-13 11:42:59.629 24030 24030 W xample.doggler: Accessing hidden method Landroid/view/ViewGroup;->makeOptionalFitsSystemWindows()V (unsupported, reflection, allowed)
02-13 11:42:59.669 24030 24030 D LifecycleMonitor: Lifecycle status change: com.example.dogglers.VerticalListActivity@1d804c7 in: CREATED
02-13 11:42:59.670 24030 24030 V ActivityScenario: Update currentActivityStage to CREATED, currentActivity=com.example.dogglers.VerticalListActivity@1d804c7
02-13 11:42:59.672 24030 24030 D LifecycleMonitor: Lifecycle status change: com.example.dogglers.VerticalListActivity@1d804c7 in: STARTED
02-13 11:42:59.673 24030 24030 V ActivityScenario: Update currentActivityStage to STARTED, currentActivity=com.example.dogglers.VerticalListActivity@1d804c7
02-13 11:42:59.675 24030 24030 D LifecycleMonitor: Lifecycle status change: com.example.dogglers.VerticalListActivity@1d804c7 in: RESUMED
02-13 11:42:59.676 24030 24030 V ActivityScenario: Update currentActivityStage to RESUMED, currentActivity=com.example.dogglers.VerticalListActivity@1d804c7
02-13 11:42:59.748 24030 24062 D EventInjectionStrategy: Creating injection strategy with input manager.
02-13 11:42:59.750 24030 24062 W xample.doggler: Accessing hidden method Landroid/hardware/input/InputManager;->getInstance()Landroid/hardware/input/InputManager; (unsupported, reflection, allowed)
02-13 11:42:59.751 24030 24062 W xample.doggler: Accessing hidden method Landroid/hardware/input/InputManager;->injectInputEvent(Landroid/view/InputEvent;I)Z (unsupported, reflection, allowed)
02-13 11:42:59.751 24030 24062 W xample.doggler: Accessing hidden field Landroid/hardware/input/InputManager;->INJECT_INPUT_EVENT_MODE_WAIT_FOR_FINISH:I (unsupported, reflection, allowed)
02-13 11:42:59.807  8973  8973 I A       : onApplyWindowInsets: systemWindowInsets=Insets{left=0, top=66, right=0, bottom=132}
02-13 11:42:59.812   785   855 D EGL_emulation: app_time_stats: avg=1495.24ms min=2.41ms max=56227.41ms count=38
02-13 11:42:59.815  8973  8973 I A       : onApplyWindowInsets: systemWindowInsets=Insets{left=0, top=66, right=0, bottom=132}
02-13 11:42:59.827 24030 24064 D HostConnection: createUnique: call
02-13 11:42:59.839 24030 24064 D HostConnection: HostConnection::get() New Host Connection established 0x79a5835e8210, tid 24064
02-13 11:42:59.889 24030 24064 D HostConnection: HostComposition ext ANDROID_EMU_CHECKSUM_HELPER_v1 ANDROID_EMU_native_sync_v2 ANDROID_EMU_native_sync_v3 ANDROID_EMU_native_sync_v4 ANDROID_EMU_dma_v1 ANDROID_EMU_direct_mem ANDROID_EMU_host_composition_v1 ANDROID_EMU_host_composition_v2 ANDROID_EMU_vulkan ANDROID_EMU_deferred_vulkan_commands ANDROID_EMU_vulkan_null_optional_strings ANDROID_EMU_vulkan_create_resources_with_requirements ANDROID_EMU_YUV_Cache ANDROID_EMU_vulkan_ignored_handles ANDROID_EMU_has_shared_slots_host_memory_allocator ANDROID_EMU_vulkan_free_memory_sync ANDROID_EMU_vulkan_shader_float16_int8 ANDROID_EMU_vulkan_async_queue_submit ANDROID_EMU_vulkan_queue_submit_with_commands ANDROID_EMU_sync_buffer_data ANDROID_EMU_read_color_buffer_dma GL_OES_vertex_array_object GL_KHR_texture_compression_astc_ldr ANDROID_EMU_host_side_tracing ANDROID_EMU_gles_max_version_2
02-13 11:42:59.919   195   195 I hwservicemanager: getTransport: Cannot find entry android.hardware.configstore@1.0::ISurfaceFlingerConfigs/default in either framework or device VINTF manifest.
02-13 11:42:59.923 24030 24064 W OpenGLRenderer: Failed to choose config with EGL_SWAP_BEHAVIOR_PRESERVED, retrying without...
02-13 11:42:59.923 24030 24064 W OpenGLRenderer: Failed to initialize 101010-2 format, error = EGL_SUCCESS
02-13 11:42:59.953 24030 24064 D EGL_emulation: eglCreateContext: 0x79a5835efad0: maj 2 min 0 rcv 2
02-13 11:43:00.026 24030 24064 D EGL_emulation: eglMakeCurrent: 0x79a5835efad0: ver 2 0 (tinfo 0x79a7959c0080) (first time)
02-13 11:43:00.050   422   441 E HWComposer: getSupportedContentTypes: getSupportedContentTypes failed for display 4619827259835644672: Unsupported (8)
02-13 11:43:00.055   195   195 I hwservicemanager: getTransport: Cannot find entry android.hardware.graphics.mapper@4.0::IMapper/default in either framework or device VINTF manifest.
02-13 11:43:00.055 24030 24064 I Gralloc4: mapper 4.x is not supported
02-13 11:43:00.061 24030 24064 D HostConnection: createUnique: call
02-13 11:43:00.063 24030 24064 D HostConnection: HostConnection::get() New Host Connection established 0x79a5835ef050, tid 24064
02-13 11:43:00.064 24030 24064 D goldfish-address-space: allocate: Ask for block of size 0x100
02-13 11:43:00.064 24030 24064 D goldfish-address-space: allocate: ioctl allocate returned offset 0x3efffe000 size 0x2000
02-13 11:43:00.071   195   195 I hwservicemanager: getTransport: Cannot find entry android.hardware.graphics.allocator@4.0::IAllocator/default in either framework or device VINTF manifest.
02-13 11:43:00.071 24030 24064 W Gralloc4: allocator 4.x is not supported
02-13 11:43:00.076   364   421 D goldfish-address-space: claimShared: Ask to claim region [0x3f11ce000 0x3f1ab5000]
02-13 11:43:00.086 24030 24064 D HostConnection: HostComposition ext ANDROID_EMU_CHECKSUM_HELPER_v1 ANDROID_EMU_native_sync_v2 ANDROID_EMU_native_sync_v3 ANDROID_EMU_native_sync_v4 ANDROID_EMU_dma_v1 ANDROID_EMU_direct_mem ANDROID_EMU_host_composition_v1 ANDROID_EMU_host_composition_v2 ANDROID_EMU_vulkan ANDROID_EMU_deferred_vulkan_commands ANDROID_EMU_vulkan_null_optional_strings ANDROID_EMU_vulkan_create_resources_with_requirements ANDROID_EMU_YUV_Cache ANDROID_EMU_vulkan_ignored_handles ANDROID_EMU_has_shared_slots_host_memory_allocator ANDROID_EMU_vulkan_free_memory_sync ANDROID_EMU_vulkan_shader_float16_int8 ANDROID_EMU_vulkan_async_queue_submit ANDROID_EMU_vulkan_queue_submit_with_commands ANDROID_EMU_sync_buffer_data ANDROID_EMU_read_color_buffer_dma GL_OES_vertex_array_object GL_KHR_texture_compression_astc_ldr ANDROID_EMU_host_side_tracing ANDROID_EMU_gles_max_version_2
02-13 11:43:00.087   364   421 D goldfish-address-space: claimShared: Ask to claim region [0x3f4000000 0x3f48e7000]
02-13 11:43:00.090   364   421 D goldfish-address-space: claimShared: Ask to claim region [0x3f51ce000 0x3f5ab5000]
02-13 11:43:00.192   785   855 D EGL_emulation: app_time_stats: avg=60134.34ms min=60134.34ms max=60134.34ms count=1
02-13 11:43:00.313   537   579 I ActivityTaskManager: Displayed com.example.dogglers/.VerticalListActivity: +1s235ms
02-13 11:43:00.328 24030 24030 I Choreographer: Skipped 35 frames!  The application may be doing too much work on its main thread.
02-13 11:43:00.359  8324 27374 I FontLog : Received query Noto Color Emoji Compat, URI content://com.google.android.gms.fonts [CONTEXT service_id=132 ]
02-13 11:43:00.365 24030 24030 D LifecycleMonitor: Lifecycle status change: androidx.test.core.app.InstrumentationActivityInvoker$BootstrapActivity@26993ad in: STOPPED
02-13 11:43:00.368 24030 24030 V ActivityScenario: Activity lifecycle changed event received but ignored because the intent does not match. startActivityIntent=Intent { act=android.intent.action.MAIN cat=[android.intent.category.LAUNCHER] cmp=com.example.dogglers/.VerticalListActivity }, activity.getIntent()=Intent { act=android.intent.action.MAIN cat=[android.intent.category.LAUNCHER] flg=0x10008000 cmp=com.example.dogglers/androidx.test.core.app.InstrumentationActivityInvoker$BootstrapActivity (has extras) }, activity=androidx.test.core.app.InstrumentationActivityInvoker$BootstrapActivity@26993ad
02-13 11:43:00.370  8324 27374 I FontLog : Query [emojicompat-emoji-font] resolved to {Noto Color Emoji Compat, wdth 100.0, wght 400, ital 0.0, bestEffort false} [CONTEXT service_id=132 ]
02-13 11:43:00.387  8477  8477 I GoogleInputMethodService: GoogleInputMethodService.onFinishInput():3420
02-13 11:43:00.402 24030 24030 W xample.doggler: Accessing hidden method Landroid/os/MessageQueue;->next()Landroid/os/Message; (unsupported, reflection, allowed)
02-13 11:43:00.402 24030 24030 W xample.doggler: Accessing hidden field Landroid/os/MessageQueue;->mMessages:Landroid/os/Message; (unsupported, reflection, allowed)
02-13 11:43:00.402 24030 24030 W xample.doggler: Accessing hidden method Landroid/os/Message;->recycleUnchecked()V (unsupported, reflection, allowed)
02-13 11:43:00.407  8324 27374 I FontLog : Fetch {Noto Color Emoji Compat, wdth 100.0, wght 400, ital 0.0, bestEffort false} end status Status{statusCode=SUCCESS, resolution=null} [CONTEXT service_id=132 ]
02-13 11:43:00.420 24030 24030 W xample.doggler: Accessing hidden method Landroid/view/WindowManagerGlobal;->getInstance()Landroid/view/WindowManagerGlobal; (unsupported, reflection, allowed)
02-13 11:43:00.420 24030 24030 W xample.doggler: Accessing hidden field Landroid/view/WindowManagerGlobal;->mViews:Ljava/util/ArrayList; (unsupported, reflection, allowed)
02-13 11:43:00.420 24030 24030 W xample.doggler: Accessing hidden field Landroid/view/WindowManagerGlobal;->mParams:Ljava/util/ArrayList; (unsupported, reflection, allowed)
02-13 11:43:00.422  8477  8477 I GoogleInputMethodService: GoogleInputMethodService.onStartInput():2002
02-13 11:43:00.431  8477  8477 I DeviceUnlockedTag: DeviceUnlockedTag.notifyDeviceLockStatusChanged():31 Notify device unlocked.
02-13 11:43:00.433 24030 24030 I ViewInteraction: Checking 'com.example.dogglers.BaseTest$DrawableMatcher$RecyclerViewAssertion@95529f3' assertion on view view.getId() is <2131231206/com.example.dogglers:id/vertical_recycler_view>
02-13 11:43:00.453  8324 27374 I FontLog : Pulling font file for id = 39, cache size = 4 [CONTEXT service_id=132 ]
02-13 11:43:00.465 24030 24030 D LifecycleMonitor: Lifecycle status change: com.example.dogglers.VerticalListActivity@1d804c7 in: PAUSED
02-13 11:43:00.465 24030 24030 V ActivityScenario: Update currentActivityStage to PAUSED, currentActivity=com.example.dogglers.VerticalListActivity@1d804c7
02-13 11:43:00.474  8324 27374 I FontLog : Pulling font file for id = 39, cache size = 4 [CONTEXT service_id=132 ]
02-13 11:43:00.478 24030 24030 D LifecycleMonitor: Lifecycle status change: androidx.test.core.app.InstrumentationActivityInvoker$EmptyActivity@469e46b in: PRE_ON_CREATE
02-13 11:43:00.478 24030 24030 V ActivityScenario: Activity lifecycle changed event received but ignored because the intent does not match. startActivityIntent=Intent { act=android.intent.action.MAIN cat=[android.intent.category.LAUNCHER] cmp=com.example.dogglers/.VerticalListActivity }, activity.getIntent()=Intent { act=android.intent.action.MAIN cat=[android.intent.category.LAUNCHER] flg=0x10000000 cmp=com.example.dogglers/androidx.test.core.app.InstrumentationActivityInvoker$EmptyActivity }, activity=androidx.test.core.app.InstrumentationActivityInvoker$EmptyActivity@469e46b
02-13 11:43:00.484 24030 24030 D LifecycleMonitor: Lifecycle status change: androidx.test.core.app.InstrumentationActivityInvoker$EmptyActivity@469e46b in: CREATED
02-13 11:43:00.485 24030 24030 V ActivityScenario: Activity lifecycle changed event received but ignored because the intent does not match. startActivityIntent=Intent { act=android.intent.action.MAIN cat=[android.intent.category.LAUNCHER] cmp=com.example.dogglers/.VerticalListActivity }, activity.getIntent()=Intent { act=android.intent.action.MAIN cat=[android.intent.category.LAUNCHER] flg=0x10000000 cmp=com.example.dogglers/androidx.test.core.app.InstrumentationActivityInvoker$EmptyActivity }, activity=androidx.test.core.app.InstrumentationActivityInvoker$EmptyActivity@469e46b
02-13 11:43:00.486 24030 24030 D LifecycleMonitor: Lifecycle status change: androidx.test.core.app.InstrumentationActivityInvoker$EmptyActivity@469e46b in: STARTED
02-13 11:43:00.486 24030 24030 V ActivityScenario: Activity lifecycle changed event received but ignored because the intent does not match. startActivityIntent=Intent { act=android.intent.action.MAIN cat=[android.intent.category.LAUNCHER] cmp=com.example.dogglers/.VerticalListActivity }, activity.getIntent()=Intent { act=android.intent.action.MAIN cat=[android.intent.category.LAUNCHER] flg=0x10000000 cmp=com.example.dogglers/androidx.test.core.app.InstrumentationActivityInvoker$EmptyActivity }, activity=androidx.test.core.app.InstrumentationActivityInvoker$EmptyActivity@469e46b
02-13 11:43:00.487 24030 24030 D LifecycleMonitor: Lifecycle status change: androidx.test.core.app.InstrumentationActivityInvoker$EmptyActivity@469e46b in: RESUMED
02-13 11:43:00.487 24030 24030 V ActivityScenario: Activity lifecycle changed event received but ignored because the intent does not match. startActivityIntent=Intent { act=android.intent.action.MAIN cat=[android.intent.category.LAUNCHER] cmp=com.example.dogglers/.VerticalListActivity }, activity.getIntent()=Intent { act=android.intent.action.MAIN cat=[android.intent.category.LAUNCHER] flg=0x10000000 cmp=com.example.dogglers/androidx.test.core.app.InstrumentationActivityInvoker$EmptyActivity }, activity=androidx.test.core.app.InstrumentationActivityInvoker$EmptyActivity@469e46b
02-13 11:43:00.508   364   421 D goldfish-address-space: claimShared: Ask to claim region [0x3f08e7000 0x3f11ce000]
02-13 11:43:00.519   364   421 D goldfish-address-space: claimShared: Ask to claim region [0x3f48e7000 0x3f51ce000]
02-13 11:43:00.522   364   421 D goldfish-address-space: claimShared: Ask to claim region [0x3f5ab5000 0x3f639c000]
02-13 11:43:00.553   537   583 W InputManager-JNI: Input channel object '39b0aaa Splash Screen com.example.dogglers (client)' was disposed without first being removed with the input manager!
02-13 11:43:00.556   537   579 I ActivityTaskManager: Displayed com.example.dogglers/androidx.test.core.app.InstrumentationActivityInvoker$EmptyActivity: +108ms
02-13 11:43:00.565 24030 24030 D LifecycleMonitor: Lifecycle status change: com.example.dogglers.VerticalListActivity@1d804c7 in: STOPPED
02-13 11:43:00.566 24030 24030 V ActivityScenario: Update currentActivityStage to STOPPED, currentActivity=com.example.dogglers.VerticalListActivity@1d804c7
02-13 11:43:00.571 24030 24030 D LifecycleMonitor: Lifecycle status change: com.example.dogglers.VerticalListActivity@1d804c7 in: DESTROYED
02-13 11:43:00.572 24030 24030 V ActivityScenario: Update currentActivityStage to DESTROYED, currentActivity=null
02-13 11:43:00.579   537   964 W InputManager-JNI: Input channel object '8217b5f com.example.dogglers/com.example.dogglers.VerticalListActivity (client)' was disposed without first being removed with the input manager!
02-13 11:43:00.600 24030 24030 D LifecycleMonitor: Lifecycle status change: androidx.test.core.app.InstrumentationActivityInvoker$EmptyActivity@469e46b in: PAUSED
02-13 11:43:00.600 24030 24030 V ActivityScenario: Activity lifecycle changed event received but ignored because the intent does not match. startActivityIntent=Intent { act=android.intent.action.MAIN cat=[android.intent.category.LAUNCHER] cmp=com.example.dogglers/.VerticalListActivity }, activity.getIntent()=Intent { act=android.intent.action.MAIN cat=[android.intent.category.LAUNCHER] flg=0x10000000 cmp=com.example.dogglers/androidx.test.core.app.InstrumentationActivityInvoker$EmptyActivity }, activity=androidx.test.core.app.InstrumentationActivityInvoker$EmptyActivity@469e46b
02-13 11:43:00.608 24030 24030 D LifecycleMonitor: Lifecycle status change: androidx.test.core.app.InstrumentationActivityInvoker$BootstrapActivity@26993ad in: DESTROYED
02-13 11:43:00.608 24030 24030 V ActivityScenario: Activity lifecycle changed event received but ignored because the intent does not match. startActivityIntent=Intent { act=android.intent.action.MAIN cat=[android.intent.category.LAUNCHER] cmp=com.example.dogglers/.VerticalListActivity }, activity.getIntent()=Intent { act=android.intent.action.MAIN cat=[android.intent.category.LAUNCHER] flg=0x10008000 cmp=com.example.dogglers/androidx.test.core.app.InstrumentationActivityInvoker$BootstrapActivity (has extras) }, activity=androidx.test.core.app.InstrumentationActivityInvoker$BootstrapActivity@26993ad
02-13 11:43:00.613 24030 24030 D LifecycleMonitor: Lifecycle status change: androidx.test.core.app.InstrumentationActivityInvoker$EmptyActivity@f70be5b in: PRE_ON_CREATE
02-13 11:43:00.615 24030 24030 V ActivityScenario: Activity lifecycle changed event received but ignored because the intent does not match. startActivityIntent=Intent { act=android.intent.action.MAIN cat=[android.intent.category.LAUNCHER] cmp=com.example.dogglers/.VerticalListActivity }, activity.getIntent()=Intent { act=android.intent.action.MAIN cat=[android.intent.category.LAUNCHER] flg=0x10000000 cmp=com.example.dogglers/androidx.test.core.app.InstrumentationActivityInvoker$EmptyActivity }, activity=androidx.test.core.app.InstrumentationActivityInvoker$EmptyActivity@f70be5b
02-13 11:43:00.620 24030 24030 D LifecycleMonitor: Lifecycle status change: androidx.test.core.app.InstrumentationActivityInvoker$EmptyActivity@f70be5b in: CREATED
02-13 11:43:00.621 24030 24030 V ActivityScenario: Activity lifecycle changed event received but ignored because the intent does not match. startActivityIntent=Intent { act=android.intent.action.MAIN cat=[android.intent.category.LAUNCHER] cmp=com.example.dogglers/.VerticalListActivity }, activity.getIntent()=Intent { act=android.intent.action.MAIN cat=[android.intent.category.LAUNCHER] flg=0x10000000 cmp=com.example.dogglers/androidx.test.core.app.InstrumentationActivityInvoker$EmptyActivity }, activity=androidx.test.core.app.InstrumentationActivityInvoker$EmptyActivity@f70be5b
02-13 11:43:00.622 24030 24030 D LifecycleMonitor: Lifecycle status change: androidx.test.core.app.InstrumentationActivityInvoker$EmptyActivity@f70be5b in: STARTED
02-13 11:43:00.622 24030 24030 V ActivityScenario: Activity lifecycle changed event received but ignored because the intent does not match. startActivityIntent=Intent { act=android.intent.action.MAIN cat=[android.intent.category.LAUNCHER] cmp=com.example.dogglers/.VerticalListActivity }, activity.getIntent()=Intent { act=android.intent.action.MAIN cat=[android.intent.category.LAUNCHER] flg=0x10000000 cmp=com.example.dogglers/androidx.test.core.app.InstrumentationActivityInvoker$EmptyActivity }, activity=androidx.test.core.app.InstrumentationActivityInvoker$EmptyActivity@f70be5b
02-13 11:43:00.624 24030 24030 D LifecycleMonitor: Lifecycle status change: androidx.test.core.app.InstrumentationActivityInvoker$EmptyActivity@f70be5b in: RESUMED
02-13 11:43:00.624 24030 24030 V ActivityScenario: Activity lifecycle changed event received but ignored because the intent does not match. startActivityIntent=Intent { act=android.intent.action.MAIN cat=[android.intent.category.LAUNCHER] cmp=com.example.dogglers/.VerticalListActivity }, activity.getIntent()=Intent { act=android.intent.action.MAIN cat=[android.intent.category.LAUNCHER] flg=0x10000000 cmp=com.example.dogglers/androidx.test.core.app.InstrumentationActivityInvoker$EmptyActivity }, activity=androidx.test.core.app.InstrumentationActivityInvoker$EmptyActivity@f70be5b
02-13 11:43:00.657   364   421 D goldfish-address-space: claimShared: Ask to claim region [0x3f0000000 0x3f08e7000]
02-13 11:43:00.674   364   421 D goldfish-address-space: claimShared: Ask to claim region [0x3f11ce000 0x3f1ab5000]
02-13 11:43:00.677   364   421 D goldfish-address-space: claimShared: Ask to claim region [0x3f4000000 0x3f48e7000]
02-13 11:43:00.688   537   579 I ActivityTaskManager: Displayed com.example.dogglers/androidx.test.core.app.InstrumentationActivityInvoker$EmptyActivity: +123ms
02-13 11:43:00.692 24030 24030 D LifecycleMonitor: Lifecycle status change: androidx.test.core.app.InstrumentationActivityInvoker$EmptyActivity@469e46b in: STOPPED
02-13 11:43:00.693 24030 24030 V ActivityScenario: Activity lifecycle changed event received but ignored because the intent does not match. startActivityIntent=Intent { act=android.intent.action.MAIN cat=[android.intent.category.LAUNCHER] cmp=com.example.dogglers/.VerticalListActivity }, activity.getIntent()=Intent { act=android.intent.action.MAIN cat=[android.intent.category.LAUNCHER] flg=0x10000000 cmp=com.example.dogglers/androidx.test.core.app.InstrumentationActivityInvoker$EmptyActivity }, activity=androidx.test.core.app.InstrumentationActivityInvoker$EmptyActivity@469e46b
02-13 11:43:00.712   364   421 D goldfish-address-space: claimShared: Ask to claim region [0x3f1ab5000 0x3f2067000]
02-13 11:43:00.812 24030 24030 D LifecycleMonitor: Lifecycle status change: androidx.test.core.app.InstrumentationActivityInvoker$EmptyActivity@469e46b in: DESTROYED
02-13 11:43:00.813 24030 24030 V ActivityScenario: Activity lifecycle changed event received but ignored because the intent does not match. startActivityIntent=Intent { act=android.intent.action.MAIN cat=[android.intent.category.LAUNCHER] cmp=com.example.dogglers/.VerticalListActivity }, activity.getIntent()=Intent { act=android.intent.action.MAIN cat=[android.intent.category.LAUNCHER] flg=0x10000000 cmp=com.example.dogglers/androidx.test.core.app.InstrumentationActivityInvoker$EmptyActivity }, activity=androidx.test.core.app.InstrumentationActivityInvoker$EmptyActivity@469e46b
02-13 11:43:00.819   537  2422 W InputManager-JNI: Input channel object '92ac65b com.example.dogglers/androidx.test.core.app.InstrumentationActivityInvoker$EmptyActivity (client)' was disposed without first being removed with the input manager!
02-13 11:43:00.826   785   855 D EGL_emulation: app_time_stats: avg=14.62ms min=1.07ms max=128.35ms count=40
02-13 11:43:00.835 24030 24030 D LifecycleMonitor: Lifecycle status change: androidx.test.core.app.InstrumentationActivityInvoker$EmptyActivity@f70be5b in: PAUSED
02-13 11:43:00.837 24030 24030 V ActivityScenario: Activity lifecycle changed event received but ignored because the intent does not match. startActivityIntent=Intent { act=android.intent.action.MAIN cat=[android.intent.category.LAUNCHER] cmp=com.example.dogglers/.VerticalListActivity }, activity.getIntent()=Intent { act=android.intent.action.MAIN cat=[android.intent.category.LAUNCHER] flg=0x10000000 cmp=com.example.dogglers/androidx.test.core.app.InstrumentationActivityInvoker$EmptyActivity }, activity=androidx.test.core.app.InstrumentationActivityInvoker$EmptyActivity@f70be5b
02-13 11:43:00.853 24030 24062 I TestRunner: finished: recycler_view_item_count(com.example.dogglers.VerticalListTests)
